../Core/Src/main.c:133:1:__io_putchar	16	static
../Core/Src/main.c:149:5:main	8	static
../Core/Src/main.c:251:6:SystemClock_Config	96	static
../Core/Src/main.c:306:13:MX_I2C1_Init	8	static
../Core/Src/main.c:354:13:MX_USART1_UART_Init	8	static
../Core/Src/main.c:389:13:MX_USART2_UART_Init	8	static
../Core/Src/main.c:424:13:MX_GPIO_Init	40	static
../Core/Src/main.c:450:6:HAL_UART_RxCpltCallback	16	static
../Core/Src/main.c:477:6:StartDefaultTask	16	static
../Core/Src/main.c:498:6:UART2_Task	24	static
../Core/Src/main.c:542:6:UART1_Task	24	static
../Core/Src/main.c:585:6:LightSensorTask	16	static
../Core/Src/main.c:611:6:TempTask	48	static
../Core/Src/main.c:651:6:HAL_TIM_PeriodElapsedCallback	16	static
../Core/Src/main.c:668:6:Error_Handler	4	static,ignoring_inline_asm
