../Core/Src/main.c:122:1:__io_putchar	16	static
../Core/Src/main.c:138:5:main	8	static
../Core/Src/main.c:239:6:SystemClock_Config	96	static
../Core/Src/main.c:294:13:MX_I2C1_Init	8	static
../Core/Src/main.c:342:13:MX_USART2_UART_Init	8	static
../Core/Src/main.c:377:13:MX_GPIO_Init	40	static
../Core/Src/main.c:403:6:HAL_UART_RxCpltCallback	16	static
../Core/Src/main.c:431:6:StartDefaultTask	16	static
../Core/Src/main.c:449:6:UART2_Task	16	static
../Core/Src/main.c:471:6:UART1_Task	16	static
../Core/Src/main.c:489:6:LTR329_reading	16	static
../Core/Src/main.c:513:6:LightSensorTask	16	static
../Core/Src/main.c:532:6:HAL_TIM_PeriodElapsedCallback	16	static
../Core/Src/main.c:549:6:Error_Handler	4	static,ignoring_inline_asm
