../Core/Src/main.c:156:1:__io_putchar	16	static
../Core/Src/main.c:170:9:calculatePath	48	static
../Core/Src/main.c:206:6:transmitInstructions	56	dynamic
../Core/Src/main.c:227:9:receiveInstructions	80	dynamic
../Core/Src/main.c:252:6:printInstructions	24	static
../Core/Src/main.c:289:5:main	8	static
../Core/Src/main.c:397:6:SystemClock_Config	96	static
../Core/Src/main.c:452:13:MX_I2C1_Init	8	static
../Core/Src/main.c:500:13:MX_USART1_UART_Init	8	static
../Core/Src/main.c:535:13:MX_USART2_UART_Init	8	static
../Core/Src/main.c:568:13:MX_DMA_Init	16	static
../Core/Src/main.c:589:13:MX_GPIO_Init	40	static
../Core/Src/main.c:615:6:HAL_UART_RxCpltCallback	16	static
../Core/Src/main.c:688:6:printSensorMeasurements	40	static
../Core/Src/main.c:706:6:StartDefaultTask	16	static
../Core/Src/main.c:728:6:UART2_Task	16	static
../Core/Src/main.c:764:6:UART1_Task	16	static
../Core/Src/main.c:782:6:LightSensorTask	16	static
../Core/Src/main.c:807:6:TempTask	16	static
../Core/Src/main.c:825:6:StartNavigationTask	64	static
../Core/Src/main.c:856:6:HAL_TIM_PeriodElapsedCallback	16	static
../Core/Src/main.c:873:6:Error_Handler	4	static,ignoring_inline_asm
