../Core/Src/main.c:114:1:__io_putchar	16	static
../Core/Src/main.c:130:5:main	8	static
../Core/Src/main.c:228:6:SystemClock_Config	96	static
../Core/Src/main.c:283:13:MX_I2C1_Init	8	static
../Core/Src/main.c:331:13:MX_USART2_UART_Init	8	static
../Core/Src/main.c:366:13:MX_GPIO_Init	40	static
../Core/Src/main.c:392:6:HAL_UART_RxCpltCallback	16	static
../Core/Src/main.c:420:6:StartDefaultTask	16	static
../Core/Src/main.c:438:6:UART2_Task	16	static
../Core/Src/main.c:460:6:UART1_Task	16	static
../Core/Src/main.c:478:6:LTR329_reading	16	static
../Core/Src/main.c:503:6:HAL_TIM_PeriodElapsedCallback	16	static
../Core/Src/main.c:520:6:Error_Handler	4	static,ignoring_inline_asm
