../Core/Src/main.c:155:1:__io_putchar	16	static
../Core/Src/main.c:169:9:calculatePath	48	static
../Core/Src/main.c:205:6:transmitInstructions	56	dynamic
../Core/Src/main.c:226:9:receiveInstructions	80	dynamic
../Core/Src/main.c:251:6:printInstructions	24	static
../Core/Src/main.c:288:5:main	8	static
../Core/Src/main.c:395:6:SystemClock_Config	96	static
../Core/Src/main.c:450:13:MX_I2C1_Init	8	static
../Core/Src/main.c:498:13:MX_USART1_UART_Init	8	static
../Core/Src/main.c:533:13:MX_USART2_UART_Init	8	static
../Core/Src/main.c:566:13:MX_DMA_Init	16	static
../Core/Src/main.c:584:13:MX_GPIO_Init	40	static
../Core/Src/main.c:610:6:HAL_UART_RxCpltCallback	16	static
../Core/Src/main.c:683:6:printSensorMeasurements	40	static
../Core/Src/main.c:701:6:StartDefaultTask	16	static
../Core/Src/main.c:723:6:UART2_Task	16	static
../Core/Src/main.c:759:6:UART1_Task	16	static
../Core/Src/main.c:777:6:LightSensorTask	16	static
../Core/Src/main.c:802:6:TempTask	16	static
../Core/Src/main.c:820:6:StartNavigationTask	64	static
../Core/Src/main.c:851:6:HAL_TIM_PeriodElapsedCallback	16	static
../Core/Src/main.c:868:6:Error_Handler	4	static,ignoring_inline_asm
