../Core/Src/main.c:118:1:__io_putchar	16	static
../Core/Src/main.c:134:5:main	8	static
../Core/Src/main.c:232:6:SystemClock_Config	96	static
../Core/Src/main.c:287:13:MX_I2C1_Init	8	static
../Core/Src/main.c:335:13:MX_USART2_UART_Init	8	static
../Core/Src/main.c:370:13:MX_GPIO_Init	40	static
../Core/Src/main.c:396:6:HAL_UART_RxCpltCallback	16	static
../Core/Src/main.c:425:6:StartDefaultTask	16	static
../Core/Src/main.c:443:6:UART2_Task	24	static
../Core/Src/main.c:486:6:UART1_Task	16	static
../Core/Src/main.c:504:6:LightSensorTask	16	static
../Core/Src/main.c:529:6:HAL_TIM_PeriodElapsedCallback	16	static
../Core/Src/main.c:546:6:Error_Handler	4	static,ignoring_inline_asm
