Archive member included to satisfy reference by file (symbol)

c:/program files (x86)/atmel/studio/7.0/toolchain/avr8/avr8-gnu-toolchain/bin/../lib/gcc/avr/5.4.0/../../../../avr/lib/avrxmega6\libm.a(addsf3.o)
                              Tasks/GyroTask.o (__subsf3)
c:/program files (x86)/atmel/studio/7.0/toolchain/avr8/avr8-gnu-toolchain/bin/../lib/gcc/avr/5.4.0/../../../../avr/lib/avrxmega6\libm.a(addsf3x.o)
                              c:/program files (x86)/atmel/studio/7.0/toolchain/avr8/avr8-gnu-toolchain/bin/../lib/gcc/avr/5.4.0/../../../../avr/lib/avrxmega6\libm.a(addsf3.o) (__addsf3x)
c:/program files (x86)/atmel/studio/7.0/toolchain/avr8/avr8-gnu-toolchain/bin/../lib/gcc/avr/5.4.0/../../../../avr/lib/avrxmega6\libm.a(cmpsf2.o)
                              Tasks/LineFollowerDirectTask.o (__ltsf2)
c:/program files (x86)/atmel/studio/7.0/toolchain/avr8/avr8-gnu-toolchain/bin/../lib/gcc/avr/5.4.0/../../../../avr/lib/avrxmega6\libm.a(cos.o)
                              Tasks/IPS_Task.o (cos)
c:/program files (x86)/atmel/studio/7.0/toolchain/avr8/avr8-gnu-toolchain/bin/../lib/gcc/avr/5.4.0/../../../../avr/lib/avrxmega6\libm.a(divsf3.o)
                              Tasks/GyroTask.o (__divsf3)
c:/program files (x86)/atmel/studio/7.0/toolchain/avr8/avr8-gnu-toolchain/bin/../lib/gcc/avr/5.4.0/../../../../avr/lib/avrxmega6\libm.a(divsf3x.o)
                              c:/program files (x86)/atmel/studio/7.0/toolchain/avr8/avr8-gnu-toolchain/bin/../lib/gcc/avr/5.4.0/../../../../avr/lib/avrxmega6\libm.a(divsf3.o) (__divsf3x)
c:/program files (x86)/atmel/studio/7.0/toolchain/avr8/avr8-gnu-toolchain/bin/../lib/gcc/avr/5.4.0/../../../../avr/lib/avrxmega6\libm.a(fixsfsi.o)
                              Tasks/LineFollowerDirectTask.o (__fixsfsi)
c:/program files (x86)/atmel/studio/7.0/toolchain/avr8/avr8-gnu-toolchain/bin/../lib/gcc/avr/5.4.0/../../../../avr/lib/avrxmega6\libm.a(fixunssfsi.o)
                              Tasks/MotionCommands.o (__fixunssfsi)
c:/program files (x86)/atmel/studio/7.0/toolchain/avr8/avr8-gnu-toolchain/bin/../lib/gcc/avr/5.4.0/../../../../avr/lib/avrxmega6\libm.a(floatsisf.o)
                              Tasks/OledMenuTask.o (__floatunsisf)
c:/program files (x86)/atmel/studio/7.0/toolchain/avr8/avr8-gnu-toolchain/bin/../lib/gcc/avr/5.4.0/../../../../avr/lib/avrxmega6\libm.a(fp_cmp.o)
                              c:/program files (x86)/atmel/studio/7.0/toolchain/avr8/avr8-gnu-toolchain/bin/../lib/gcc/avr/5.4.0/../../../../avr/lib/avrxmega6\libm.a(cmpsf2.o) (__fp_cmp)
c:/program files (x86)/atmel/studio/7.0/toolchain/avr8/avr8-gnu-toolchain/bin/../lib/gcc/avr/5.4.0/../../../../avr/lib/avrxmega6\libm.a(fp_inf.o)
                              c:/program files (x86)/atmel/studio/7.0/toolchain/avr8/avr8-gnu-toolchain/bin/../lib/gcc/avr/5.4.0/../../../../avr/lib/avrxmega6\libm.a(addsf3x.o) (__fp_inf)
c:/program files (x86)/atmel/studio/7.0/toolchain/avr8/avr8-gnu-toolchain/bin/../lib/gcc/avr/5.4.0/../../../../avr/lib/avrxmega6\libm.a(fp_nan.o)
                              c:/program files (x86)/atmel/studio/7.0/toolchain/avr8/avr8-gnu-toolchain/bin/../lib/gcc/avr/5.4.0/../../../../avr/lib/avrxmega6\libm.a(addsf3x.o) (__fp_nan)
c:/program files (x86)/atmel/studio/7.0/toolchain/avr8/avr8-gnu-toolchain/bin/../lib/gcc/avr/5.4.0/../../../../avr/lib/avrxmega6\libm.a(fp_pscA.o)
                              c:/program files (x86)/atmel/studio/7.0/toolchain/avr8/avr8-gnu-toolchain/bin/../lib/gcc/avr/5.4.0/../../../../avr/lib/avrxmega6\libm.a(addsf3x.o) (__fp_pscA)
c:/program files (x86)/atmel/studio/7.0/toolchain/avr8/avr8-gnu-toolchain/bin/../lib/gcc/avr/5.4.0/../../../../avr/lib/avrxmega6\libm.a(fp_pscB.o)
                              c:/program files (x86)/atmel/studio/7.0/toolchain/avr8/avr8-gnu-toolchain/bin/../lib/gcc/avr/5.4.0/../../../../avr/lib/avrxmega6\libm.a(addsf3x.o) (__fp_pscB)
c:/program files (x86)/atmel/studio/7.0/toolchain/avr8/avr8-gnu-toolchain/bin/../lib/gcc/avr/5.4.0/../../../../avr/lib/avrxmega6\libm.a(fp_rempio2.o)
                              c:/program files (x86)/atmel/studio/7.0/toolchain/avr8/avr8-gnu-toolchain/bin/../lib/gcc/avr/5.4.0/../../../../avr/lib/avrxmega6\libm.a(cos.o) (__fp_rempio2)
c:/program files (x86)/atmel/studio/7.0/toolchain/avr8/avr8-gnu-toolchain/bin/../lib/gcc/avr/5.4.0/../../../../avr/lib/avrxmega6\libm.a(fp_round.o)
                              c:/program files (x86)/atmel/studio/7.0/toolchain/avr8/avr8-gnu-toolchain/bin/../lib/gcc/avr/5.4.0/../../../../avr/lib/avrxmega6\libm.a(addsf3.o) (__fp_round)
c:/program files (x86)/atmel/studio/7.0/toolchain/avr8/avr8-gnu-toolchain/bin/../lib/gcc/avr/5.4.0/../../../../avr/lib/avrxmega6\libm.a(fp_sinus.o)
                              c:/program files (x86)/atmel/studio/7.0/toolchain/avr8/avr8-gnu-toolchain/bin/../lib/gcc/avr/5.4.0/../../../../avr/lib/avrxmega6\libm.a(cos.o) (__fp_sinus)
[...]
Memory Configuration

Name             Origin             Length             Attributes
text             0x00000000         0x00100000         xr
data             0x00802000         0x0000ffa0         rw !x
eeprom           0x00810000         0x00010000         rw !x
fuse             0x00820000         0x00000006         rw !x
lock             0x00830000         0x00000400         rw !x
signature        0x00840000         0x00000400         rw !x
user_signatures  0x00850000         0x00000400         rw !x
*default*        0x00000000         0xffffffff

Linker script and memory map

LOAD C:/Program Files (x86)/Atmel/Studio/7.0/Packs/atmel/XMEGAC_DFP/1.1.50/gcc/dev/atxmega384c3/avrxmega6/crtatxmega384c3.o
LOAD Drivers/DriverAdc.o
LOAD Drivers/DriverAdps9960.o
LOAD Drivers/DriverCursorstick.o
LOAD Drivers/DriverDbgUSART.o
LOAD Drivers/DriverLed.o
LOAD Drivers/DriverMotor.o
LOAD Drivers/DriverMPU6050.o
LOAD Drivers/DriverOled.o
LOAD Drivers/Driverpl9823USART.o
LOAD Drivers/DriverPower.o
LOAD Drivers/DriverSysClk.o
LOAD Drivers/DriverTWIMaster.o
LOAD Drivers/DriverUSART.o
LOAD Drivers/DriverVL53L0x.o
LOAD FreeRTOS/heap_2.o
LOAD FreeRTOS/list.o
LOAD FreeRTOS/port.o
LOAD FreeRTOS/queue.o
LOAD FreeRTOS/tasks.o
LOAD FreeRTOS/timers.o
LOAD hooks.o
LOAD main.o
LOAD memmap.o
LOAD Tasks/ADCTask.o
LOAD Tasks/AresTask.o
LOAD Tasks/GyroTask.o
LOAD Tasks/IPS_Task.o
LOAD Tasks/LineFollowerDirectTask.o
LOAD Tasks/LineFollowerSpeedTask.o
LOAD Tasks/MotionCommands.o
LOAD Tasks/MotionTask.o
LOAD Tasks/MotorPosTask.o
LOAD Tasks/MotorSpeedTask.o
LOAD Tasks/OledMenuTask.o
LOAD Tasks/RGBTask.o
LOAD Tasks/StartupTask.o
LOAD Tasks/TemplateTask.o
LOAD Tasks/TerminalTask.o
LOAD trace.o
START GROUP
LOAD c:/program files (x86)/atmel/studio/7.0/toolchain/avr8/avr8-gnu-toolchain/bin/../lib/gcc/avr/5.4.0/../../../../avr/lib/avrxmega6\libm.a
END GROUP
LOAD c:/program files (x86)/atmel/studio/7.0/toolchain/avr8/avr8-gnu-toolchain/bin/../lib/gcc/avr/5.4.0/../../../../avr/lib/avrxmega6\libprintf_flt.a
START GROUP
LOAD c:/program files (x86)/atmel/studio/7.0/toolchain/avr8/avr8-gnu-toolchain/bin/../lib/gcc/avr/5.4.0/avrxmega6\libgcc.a
LOAD c:/program files (x86)/atmel/studio/7.0/toolchain/avr8/avr8-gnu-toolchain/bin/../lib/gcc/avr/5.4.0/../../../../avr/lib/avrxmega6\libm.a
LOAD c:/program files (x86)/atmel/studio/7.0/toolchain/avr8/avr8-gnu-toolchain/bin/../lib/gcc/avr/5.4.0/../../../../avr/lib/avrxmega6\libc.a
LOAD C:/Program Files (x86)/Atmel/Studio/7.0/Packs/atmel/XMEGAC_DFP/1.1.50/gcc/dev/atxmega384c3/avrxmega6\libatxmega384c3.a
END GROUP
                0x00000000                __TEXT_REGION_ORIGIN__ = DEFINED (__TEXT_REGION_ORIGIN__)?__TEXT_REGION_ORIGIN__:0x0
                0x00802000                __DATA_REGION_ORIGIN__ = DEFINED (__DATA_REGION_ORIGIN__)?__DATA_REGION_ORIGIN__:0x802000
                0x00100000                __TEXT_REGION_LENGTH__ = DEFINED (__TEXT_REGION_LENGTH__)?__TEXT_REGION_LENGTH__:0x100000
                0x0000ffa0                __DATA_REGION_LENGTH__ = DEFINED (__DATA_REGION_LENGTH__)?__DATA_REGION_LENGTH__:0xffa0
                0x00010000                __EEPROM_REGION_LENGTH__ = DEFINED (__EEPROM_REGION_LENGTH__)?__EEPROM_REGION_LENGTH__:0x10000
                [0x00000006]                __FUSE_REGION_LENGTH__ = DEFINED (__FUSE_REGION_LENGTH__)?__FUSE_REGION_LENGTH__:0x400
                0x00000400                __LOCK_REGION_LENGTH__ = DEFINED (__LOCK_REGION_LENGTH__)?__LOCK_REGION_LENGTH__:0x400
                0x00000400                __SIGNATURE_REGION_LENGTH__ = DEFINED (__SIGNATURE_REGION_LENGTH__)?__SIGNATURE_REGION_LENGTH__:0x400
                0x00000400                __USER_SIGNATURE_REGION_LENGTH__ = DEFINED (__USER_SIGNATURE_REGION_LENGTH__)?__USER_SIGNATURE_REGION_LENGTH__:0x400

.hash
 *(.hash)

.dynsym
 *(.dynsym)

.dynstr
 *(.dynstr)

.gnu.version
 *(.gnu.version)

.gnu.version_d
 *(.gnu.version_d)

.gnu.version_r
 *(.gnu.version_r)

.rel.init
 *(.rel.init)

.rela.init
 *(.rela.init)

.rel.text
 *(.rel.text)
 *(.rel.text.*)
 *(.rel.gnu.linkonce.t*)

.rela.text
 *(.rela.text)
 *(.rela.text.*)
 *(.rela.gnu.linkonce.t*)

.rel.fini
 *(.rel.fini)

.rela.fini
 *(.rela.fini)

.rel.rodata
 *(.rel.rodata)
 *(.rel.rodata.*)
 *(.rel.gnu.linkonce.r*)

.rela.rodata
 *(.rela.rodata)
 *(.rela.rodata.*)
 *(.rela.gnu.linkonce.r*)

.rel.data
 *(.rel.data)
 *(.rel.data.*)
 *(.rel.gnu.linkonce.d*)

.rela.data
 *(.rela.data)
 *(.rela.data.*)
 *(.rela.gnu.linkonce.d*)

.rel.ctors
 *(.rel.ctors)

.rela.ctors
 *(.rela.ctors)

.rel.dtors
 *(.rel.dtors)

.rela.dtors
 *(.rela.dtors)

.rel.got
 *(.rel.got)

.rela.got
 *(.rela.got)

.rel.bss
 *(.rel.bss)

.rela.bss
 *(.rela.bss)

.rel.plt
 *(.rel.plt)

.rela.plt
 *(.rela.plt)

.text           0x00000000     0xa724
 *(.vectors)
 .vectors       0x00000000      0x1fc C:/Program Files (x86)/Atmel/Studio/7.0/Packs/atmel/XMEGAC_DFP/1.1.50/gcc/dev/atxmega384c3/avrxmega6/crtatxmega384c3.o
                0x00000000                __vector_default
                0x00000000                __vectors
 *(.vectors)
 *(.progmem.gcc*)
                0x000001fc                . = ALIGN (0x2)
                0x000001fc                __trampolines_start = .
 *(.trampolines)
 .trampolines   0x000001fc       0x3c linker stubs
 *(.trampolines*)
                0x00000238                __trampolines_end = .
 *libprintf_flt.a:*(.progmem.data)
 .progmem.data  0x00000238        0x8 c:/program files (x86)/atmel/studio/7.0/toolchain/avr8/avr8-gnu-toolchain/bin/../lib/gcc/avr/5.4.0/../../../../avr/lib/avrxmega6\libprintf_flt.a(vfprintf_flt.o)
 *libc.a:*(.progmem.data)
 .progmem.data  0x00000240       0xfa c:/program files (x86)/atmel/studio/7.0/toolchain/avr8/avr8-gnu-toolchain/bin/../lib/gcc/avr/5.4.0/../../../../avr/lib/avrxmega6\libc.a(ftoa_engine.o)
 .progmem.data  0x0000033a       0x3b c:/program files (x86)/atmel/studio/7.0/toolchain/avr8/avr8-gnu-toolchain/bin/../lib/gcc/avr/5.4.0/../../../../avr/lib/avrxmega6\libc.a(strtod.o)
 *(.progmem*)
 .progmem.data.__c.4867
                0x00000375       0x53 Tasks/TerminalTask.o
 .progmem.data.__c.4865
                0x000003c8       0x6e Tasks/TerminalTask.o
 .progmem.data.__c.4863
                0x00000436       0x45 Tasks/TerminalTask.o
 .progmem.data.__c.4861
                0x0000047b       0x2a Tasks/TerminalTask.o
 .progmem.data.__c.4859
                0x000004a5       0x23 Tasks/TerminalTask.o
 .progmem.data.__c.4857
                0x000004c8       0x6d Tasks/TerminalTask.o
 .progmem.data.__c.4855
                0x00000535       0x34 Tasks/TerminalTask.o
 .progmem.data.__c.4853
                0x00000569       0x49 Tasks/TerminalTask.o
 .progmem.data.__c.4851
                0x000005b2       0x5f Tasks/TerminalTask.o
 .progmem.data.__c.4849
                0x00000611       0x56 Tasks/TerminalTask.o
 .progmem.data.__c.4847
                0x00000667       0x1a Tasks/TerminalTask.o
 .progmem.data.__c.4845
                0x00000681       0x1e Tasks/TerminalTask.o
 .progmem.data.__c.4843
                0x0000069f       0x17 Tasks/TerminalTask.o
 .progmem.data.__c.4841
                0x000006b6       0x10 Tasks/TerminalTask.o
                0x000006c6                . = ALIGN (0x2)
 *(.jumptables)
 *(.jumptables*)
 *(.lowtext)
 *(.lowtext*)
                0x000006c6                __ctors_start = .
 *(.ctors)
                0x000006c6                __ctors_end = .
                0x000006c6                __dtors_start = .
 *(.dtors)
                0x000006c6                __dtors_end = .
 SORT(*)(.ctors)
 SORT(*)(.dtors)
 *(.init0)
 .init0         0x000006c6        0x0 C:/Program Files (x86)/Atmel/Studio/7.0/Packs/atmel/XMEGAC_DFP/1.1.50/gcc/dev/atxmega384c3/avrxmega6/crtatxmega384c3.o
                0x000006c6                __init
 *(.init0)
 *(.init1)
 *(.init1)
 *(.init2)
 .init2         0x000006c6       0x10 C:/Program Files (x86)/Atmel/Studio/7.0/Packs/atmel/XMEGAC_DFP/1.1.50/gcc/dev/atxmega384c3/avrxmega6/crtatxmega384c3.o
 *(.init2)
 *(.init3)
 *(.init3)
 *(.init4)
 .init4         0x000006d6       0x1a c:/program files (x86)/atmel/studio/7.0/toolchain/avr8/avr8-gnu-toolchain/bin/../lib/gcc/avr/5.4.0/avrxmega6\libgcc.a(_copy_data.o)
                0x000006d6                __do_copy_data
 .init4         0x000006f0       0x10 c:/program files (x86)/atmel/studio/7.0/toolchain/avr8/avr8-gnu-toolchain/bin/../lib/gcc/avr/5.4.0/avrxmega6\libgcc.a(_clear_bss.o)
                0x000006f0                __do_clear_bss
 *(.init4)
 *(.init5)
 *(.init5)
 *(.init6)
 *(.init6)
 *(.init7)
 *(.init7)
 *(.init8)
 *(.init8)
 *(.init9)
 .init9         0x00000700        0x8 C:/Program Files (x86)/Atmel/Studio/7.0/Packs/atmel/XMEGAC_DFP/1.1.50/gcc/dev/atxmega384c3/avrxmega6/crtatxmega384c3.o
 *(.init9)
 *(.text)
 .text          0x00000708        0x4 C:/Program Files (x86)/Atmel/Studio/7.0/Packs/atmel/XMEGAC_DFP/1.1.50/gcc/dev/atxmega384c3/avrxmega6/crtatxmega384c3.o
                0x00000708                __vector_38
                0x00000708                __vector_104
                0x00000708                __vector_22
                0x00000708                __vector_63
                0x00000708                __vector_28
                0x00000708                __vector_67
                0x00000708                __vector_1
                0x00000708                __vector_119
                0x00000708                __vector_32
                0x00000708                __vector_75
                0x00000708                __vector_91
                0x00000708                __vector_62
                0x00000708                __vector_77
                0x00000708                __vector_102
                0x00000708                __vector_24
                0x00000708                __vector_12
                0x00000708                __vector_55
                0x00000708                __vector_69
                0x00000708                __vector_81
                0x00000708                __vector_90
                0x00000708                __bad_interrupt
                0x00000708                __vector_122
                0x00000708                __vector_72
                0x00000708                __vector_114
                0x00000708                __vector_6
                0x00000708                __vector_110
                0x00000708                __vector_31
                0x00000708                __vector_92
                0x00000708                __vector_35
                0x00000708                __vector_78
                0x00000708                __vector_74
                0x00000708                __vector_117
                0x00000708                __vector_39
                0x00000708                __vector_107
                0x00000708                __vector_105
                0x00000708                __vector_98
                0x00000708                __vector_23
                0x00000708                __vector_68
                0x00000708                __vector_30
                0x00000708                __vector_73
                0x00000708                __vector_45
                0x00000708                __vector_25
                0x00000708                __vector_93
                0x00000708                __vector_61
                0x00000708                __vector_11
                0x00000708                __vector_54
                0x00000708                __vector_99
                0x00000708                __vector_13
                0x00000708                __vector_17
                0x00000708                __vector_19
                0x00000708                __vector_56
                0x00000708                __vector_7
                0x00000708                __vector_125
                0x00000708                __vector_49
                0x00000708                __vector_123
                0x00000708                __vector_41
                0x00000708                __vector_86
                0x00000708                __vector_100
                0x00000708                __vector_101
                0x00000708                __vector_64
                0x00000708                __vector_88
                0x00000708                __vector_109
                0x00000708                __vector_27
                0x00000708                __vector_5
                0x00000708                __vector_113
                0x00000708                __vector_33
                0x00000708                __vector_76
                0x00000708                __vector_115
                0x00000708                __vector_47
                0x00000708                __vector_52
                0x00000708                __vector_37
                0x00000708                __vector_95
                0x00000708                __vector_103
                0x00000708                __vector_96
                0x00000708                __vector_89
                0x00000708                __vector_108
                0x00000708                __vector_4
                0x00000708                __vector_82
                0x00000708                __vector_106
                0x00000708                __vector_118
                0x00000708                __vector_51
                0x00000708                __vector_9
                0x00000708                __vector_21
                0x00000708                __vector_15
                0x00000708                __vector_66
                0x00000708                __vector_36
                0x00000708                __vector_79
                0x00000708                __vector_70
                0x00000708                __vector_83
                0x00000708                __vector_29
                0x00000708                __vector_121
                0x00000708                __vector_40
                0x00000708                __vector_85
                0x00000708                __vector_94
                0x00000708                __vector_126
                0x00000708                __vector_8
                0x00000708                __vector_26
                0x00000708                __vector_48
                0x00000708                __vector_124
                0x00000708                __vector_116
                0x00000708                __vector_112
                0x00000708                __vector_111
                0x00000708                __vector_80
                0x00000708                __vector_84
                0x00000708                __vector_57
                0x00000708                __vector_53
                0x00000708                __vector_10
                0x00000708                __vector_50
                0x00000708                __vector_59
                0x00000708                __vector_18
                0x00000708                __vector_97
                0x00000708                __vector_20
                0x00000708                __vector_42
                0x00000708                __vector_87
                0x00000708                __vector_65
                0x00000708                __vector_120
                0x0000070c                . = ALIGN (0x2)
 *(.text.*)
 .text.DriverAdcInit
                0x0000070c       0x4e Drivers/DriverAdc.o
                0x0000070c                DriverAdcInit
 .text.DriverAdcGetCh
                0x0000075a       0xae Drivers/DriverAdc.o
                0x0000075a                DriverAdcGetCh
 .text.__vector_71
                0x00000808       0x78 Drivers/DriverAdc.o
                0x00000808                __vector_71
 .text.DriverAdps9960Init
                0x00000880       0x90 Drivers/DriverAdps9960.o
                0x00000880                DriverAdps9960Init
 .text.DriverAdps9960Get
                0x00000910       0xfc Drivers/DriverAdps9960.o
                0x00000910                DriverAdps9960Get
 .text.DriverCursorstickInit
                0x00000a0c       0x2e Drivers/DriverCursorstick.o
                0x00000a0c                DriverCursorstickInit
 .text.DriverCursorstickGet
                0x00000a3a       0x34 Drivers/DriverCursorstick.o
                0x00000a3a                DriverCursorstickGet
 .text.DriverCursorStickGetFifo
                0x00000a6e       0x36 Drivers/DriverCursorstick.o
                0x00000a6e                DriverCursorStickGetFifo
 .text.__vector_34
                0x00000aa4      0x124 Drivers/DriverCursorstick.o
                0x00000aa4                __vector_34
 .text.DbgPrint
                0x00000bc8       0x3e Drivers/DriverDbgUSART.o
                0x00000bc8                DbgPrint
 .text.DbgPrintn
                0x00000c06       0x4a Drivers/DriverDbgUSART.o
                0x00000c06                DbgPrintn
 .text.DbgPrintInt
                0x00000c50       0xbc Drivers/DriverDbgUSART.o
                0x00000c50                DbgPrintInt
 .text.DriverLedInit
                0x00000d0c       0x1c Drivers/DriverLed.o
                0x00000d0c                DriverLedInit
 .text.DriverLedSet
                0x00000d28       0x20 Drivers/DriverLed.o
                0x00000d28                DriverLedSet
 .text.DriverLedClear
                0x00000d48       0x24 Drivers/DriverLed.o
                0x00000d48                DriverLedClear
 .text.DriverMotorInit
                0x00000d6c       0x62 Drivers/DriverMotor.o
                0x00000d6c                DriverMotorInit
 .text.DriverMotorSet
                0x00000dce       0xd6 Drivers/DriverMotor.o
                0x00000dce                DriverMotorSet
 .text.DriverMotorGetEncoder
                0x00000ea4       0x20 Drivers/DriverMotor.o
                0x00000ea4                DriverMotorGetEncoder
 .text.DriverMotorGetEncoderEvent
                0x00000ec4       0x5c Drivers/DriverMotor.o
                0x00000ec4                DriverMotorGetEncoderEvent
 .text.__vector_2
                0x00000f20      0x10e Drivers/DriverMotor.o
                0x00000f20                __vector_2
 .text.__vector_3
                0x0000102e      0x10e Drivers/DriverMotor.o
                0x0000102e                __vector_3
 .text.__vector_43
                0x0000113c      0x10e Drivers/DriverMotor.o
                0x0000113c                __vector_43
 .text.__vector_44
                0x0000124a      0x130 Drivers/DriverMotor.o
                0x0000124a                __vector_44
 .text.DriverMotorResetEncoder
                0x0000137a       0x1c Drivers/DriverMotor.o
                0x0000137a                DriverMotorResetEncoder
 .text.DriverMPU6050Init
                0x00001396      0x100 Drivers/DriverMPU6050.o
                0x00001396                DriverMPU6050Init
 .text.DriverMPU6050GyroGet
                0x00001496       0xac Drivers/DriverMPU6050.o
                0x00001496                DriverMPU6050GyroGet
 .text.set_page_address.part.0
                0x00001542       0x56 Drivers/DriverOled.o
 .text.set_column_address.part.1
                0x00001598       0x56 Drivers/DriverOled.o
 .text.DriverOLEDDrawPixel.part.3
                0x000015ee       0xca Drivers/DriverOled.o
 .text.DriverOLEDClearPixel.part.4
                0x000016b8       0xce Drivers/DriverOled.o
 .text.DriverOLEDPrintSmChar.part.5
                0x00001786      0x226 Drivers/DriverOled.o
 .text.DriverOLEDUpdate
                0x000019ac       0x96 Drivers/DriverOled.o
                0x000019ac                DriverOLEDUpdate
 .text.DriverOLEDPrintSmChar
                0x00001a42       0x16 Drivers/DriverOled.o
                0x00001a42                DriverOLEDPrintSmChar
 .text.DriverOLEDPrintSmText
                0x00001a58       0xca Drivers/DriverOled.o
                0x00001a58                DriverOLEDPrintSmText
 .text.DriverOLEDClearScreen
                0x00001b22       0x16 Drivers/DriverOled.o
                0x00001b22                DriverOLEDClearScreen
 .text.DriverOLEDInit
                0x00001b38      0x1ca Drivers/DriverOled.o
                0x00001b38                DriverOLEDInit
 .text.ShiftInBit
                0x00001d02       0x9e Drivers/Driverpl9823USART.o
                0x00001d02                ShiftInBit
 .text.ShiftIn0
                0x00001da0       0x1e Drivers/Driverpl9823USART.o
                0x00001da0                ShiftIn0
 .text.ShiftIn1
                0x00001dbe       0x1e Drivers/Driverpl9823USART.o
                0x00001dbe                ShiftIn1
 .text.ShiftInByte
                0x00001ddc       0x28 Drivers/Driverpl9823USART.o
                0x00001ddc                ShiftInByte
 .text.DriverPL9823Init
                0x00001e04        0xc Drivers/Driverpl9823USART.o
                0x00001e04                DriverPL9823Init
 .text.DriverPL9823Set
                0x00001e10      0x12a Drivers/Driverpl9823USART.o
                0x00001e10                DriverPL9823Set
 .text.DriverPowerInit
                0x00001f3a        0x8 Drivers/DriverPower.o
                0x00001f3a                DriverPowerInit
 .text.DriverPowerVccAuxSet
                0x00001f42       0x14 Drivers/DriverPower.o
                0x00001f42                DriverPowerVccAuxSet
 .text.DriverSysClkXtalInit
                0x00001f56       0x36 Drivers/DriverSysClk.o
                0x00001f56                DriverSysClkXtalInit
 .text.DriverTWIMInit
                0x00001f8c       0x3e Drivers/DriverTWIMaster.o
                0x00001f8c                DriverTWIMInit
 .text.TWIMWriteRead
                0x00001fca      0x11e Drivers/DriverTWIMaster.o
                0x00001fca                TWIMWriteRead
 .text.TWIMWrite
                0x000020e8       0x10 Drivers/DriverTWIMaster.o
                0x000020e8                TWIMWrite
 .text.TWIMWriteHandler
                0x000020f8       0x72 Drivers/DriverTWIMaster.o
                0x000020f8                TWIMWriteHandler
 .text.TWIMReadHandler
                0x0000216a       0x6a Drivers/DriverTWIMaster.o
                0x0000216a                TWIMReadHandler
 .text.__vector_46
                0x000021d4       0xd4 Drivers/DriverTWIMaster.o
                0x000021d4                __vector_46
 .text.stdio_getchar
                0x000022a8       0x2c Drivers/DriverUSART.o
 .text.stdio_putchar
                0x000022d4       0x58 Drivers/DriverUSART.o
 .text.DriverUSARTInit
                0x0000232c       0x5a Drivers/DriverUSART.o
                0x0000232c                DriverUSARTInit
 .text.__vector_60
                0x00002386       0x8e Drivers/DriverUSART.o
                0x00002386                __vector_60
 .text.__vector_58
                0x00002414       0xca Drivers/DriverUSART.o
                0x00002414                __vector_58
 .text.getSequenceStepEnables
                0x000024de       0x68 Drivers/DriverVL53L0x.o
 .text.performSingleRefCalibration
                0x00002546       0xaa Drivers/DriverVL53L0x.o
 .text.readReg16Bit
                0x000025f0       0x58 Drivers/DriverVL53L0x.o
                0x000025f0                readReg16Bit
 .text.getSequenceStepTimeouts.isra.1
                0x00002648      0x1ee Drivers/DriverVL53L0x.o
 .text.setMeasurementTimingBudget.part.4
                0x00002836      0x20e Drivers/DriverVL53L0x.o
 .text.DriverVL53L0XInit
                0x00002a44      0xca2 Drivers/DriverVL53L0x.o
                0x00002a44                DriverVL53L0XInit
 .text.DriverVL53L0XReadContinuous
                0x000036e6       0x94 Drivers/DriverVL53L0x.o
                0x000036e6                DriverVL53L0XReadContinuous
 .text.DriverVL53L0XReadSingle
                0x0000377a      0x110 Drivers/DriverVL53L0x.o
                0x0000377a                DriverVL53L0XReadSingle
 .text.pvPortMalloc
                0x0000388a      0x13e FreeRTOS/heap_2.o
                0x0000388a                pvPortMalloc
 .text.vPortFree
                0x000039c8       0x56 FreeRTOS/heap_2.o
                0x000039c8                vPortFree
 .text.xPortGetFreeHeapSize
                0x00003a1e        0xa FreeRTOS/heap_2.o
                0x00003a1e                xPortGetFreeHeapSize
 .text.vListInitialise
                0x00003a28       0x1c FreeRTOS/list.o
                0x00003a28                vListInitialise
 .text.vListInitialiseItem
                0x00003a44        0x8 FreeRTOS/list.o
                0x00003a44                vListInitialiseItem
 .text.vListInsertEnd
                0x00003a4c       0x42 FreeRTOS/list.o
                0x00003a4c                vListInsertEnd
 .text.vListInsert
                0x00003a8e       0x62 FreeRTOS/list.o
                0x00003a8e                vListInsert
 .text.uxListRemove
                0x00003af0       0x4c FreeRTOS/list.o
                0x00003af0                uxListRemove
 .text.pxPortInitialiseStack
                0x00003b3c       0xdc FreeRTOS/port.o
                0x00003b3c                pxPortInitialiseStack
 .text.xPortStartScheduler
                0x00003c18       0x7a FreeRTOS/port.o
                0x00003c18                xPortStartScheduler
 .text.vPortYield
                0x00003c92       0xb2 FreeRTOS/port.o
                0x00003c92                vPortYield
 .text.vPortYieldISR
                0x00003d44       0x48 FreeRTOS/port.o
                0x00003d44                vPortYieldISR
 .text.__vector_14
                0x00003d8c       0xe6 FreeRTOS/port.o
                0x00003d8c                __vector_14
 .text.vConfigureTimerForRunTimeStats
                0x00003e72        0x2 FreeRTOS/port.o
                0x00003e72                vConfigureTimerForRunTimeStats
 .text.__vector_16
                0x00003e74       0xbe FreeRTOS/port.o
                0x00003e74                __vector_16
 .text.prvCopyDataToQueue
                0x00003f32       0xb4 FreeRTOS/queue.o
 .text.prvCopyDataFromQueue
                0x00003fe6       0x30 FreeRTOS/queue.o
 .text.prvUnlockQueue
                0x00004016       0xa6 FreeRTOS/queue.o
 .text.xQueueGenericReset
                0x000040bc       0x9a FreeRTOS/queue.o
                0x000040bc                xQueueGenericReset
 .text.xQueueGenericCreate
                0x00004156       0x88 FreeRTOS/queue.o
                0x00004156                xQueueGenericCreate
 .text.xQueueGenericSend
                0x000041de      0x19e FreeRTOS/queue.o
                0x000041de                xQueueGenericSend
 .text.xQueueCreateMutex
                0x0000437c       0x34 FreeRTOS/queue.o
                0x0000437c                xQueueCreateMutex
 .text.xQueueGenericSendFromISR
                0x000043b0       0xb6 FreeRTOS/queue.o
                0x000043b0                xQueueGenericSendFromISR
 .text.xQueueGiveFromISR
                0x00004466       0xa6 FreeRTOS/queue.o
                0x00004466                xQueueGiveFromISR
 .text.xQueueReceive
                0x0000450c      0x17a FreeRTOS/queue.o
                0x0000450c                xQueueReceive
 .text.xQueueSemaphoreTake
                0x00004686      0x1f4 FreeRTOS/queue.o
                0x00004686                xQueueSemaphoreTake
 .text.xQueuePeek
                0x0000487a      0x17a FreeRTOS/queue.o
                0x0000487a                xQueuePeek
 .text.xQueueReceiveFromISR
                0x000049f4       0x96 FreeRTOS/queue.o
                0x000049f4                xQueueReceiveFromISR
 .text.uxQueueMessagesWaiting
                0x00004a8a       0x2a FreeRTOS/queue.o
                0x00004a8a                uxQueueMessagesWaiting
 .text.prvIdleTask
                0x00004ab4       0x5c FreeRTOS/tasks.o
 .text.prvWriteNameToBuffer
                0x00004b10       0x46 FreeRTOS/tasks.o
 .text.prvResetNextTaskUnblockTime.part.0
                0x00004b56       0x22 FreeRTOS/tasks.o
 .text.prvTaskIsTaskSuspended
                0x00004b78       0x3e FreeRTOS/tasks.o
 .text.prvAddCurrentTaskToDelayedList
                0x00004bb6       0xb8 FreeRTOS/tasks.o
 .text.vTaskSwitchContext.part.5
                0x00004c6e      0x184 FreeRTOS/tasks.o
 .text.xTaskCreate
                0x00004df2      0x26c FreeRTOS/tasks.o
                0x00004df2                xTaskCreate
 .text.eTaskGetState
                0x0000505e       0x98 FreeRTOS/tasks.o
                0x0000505e                eTaskGetState
 .text.vTaskSuspend
                0x000050f6       0xfa FreeRTOS/tasks.o
                0x000050f6                vTaskSuspend
 .text.vTaskResume
                0x000051f0       0xa0 FreeRTOS/tasks.o
                0x000051f0                vTaskResume
 .text.vTaskStartScheduler
                0x00005290       0x6e FreeRTOS/tasks.o
                0x00005290                vTaskStartScheduler
 .text.vTaskSuspendAll
                0x000052fe        0xc FreeRTOS/tasks.o
                0x000052fe                vTaskSuspendAll
 .text.xTaskGetTickCount
                0x0000530a       0x14 FreeRTOS/tasks.o
                0x0000530a                xTaskGetTickCount
 .text.xTaskGetIdleTaskHandle
                0x0000531e       0x24 FreeRTOS/tasks.o
                0x0000531e                xTaskGetIdleTaskHandle
 .text.xTaskIncrementTick
                0x00005342      0x1b4 FreeRTOS/tasks.o
                0x00005342                xTaskIncrementTick
 .text.xTaskResumeAll
                0x000054f6      0x11e FreeRTOS/tasks.o
                0x000054f6                xTaskResumeAll
 .text.vTaskDelayUntil
                0x00005614       0xac FreeRTOS/tasks.o
                0x00005614                vTaskDelayUntil
 .text.vTaskDelay
                0x000056c0       0x4a FreeRTOS/tasks.o
                0x000056c0                vTaskDelay
 .text.vTaskSwitchContext
                0x0000570a       0x14 FreeRTOS/tasks.o
                0x0000570a                vTaskSwitchContext
 .text.vTaskPlaceOnEventList
                0x0000571e       0x40 FreeRTOS/tasks.o
                0x0000571e                vTaskPlaceOnEventList
 .text.xTaskRemoveFromEventList
                0x0000575e       0xae FreeRTOS/tasks.o
                0x0000575e                xTaskRemoveFromEventList
 .text.vTaskInternalSetTimeOutState
                0x0000580c       0x16 FreeRTOS/tasks.o
                0x0000580c                vTaskInternalSetTimeOutState
 .text.xTaskCheckForTimeOut
                0x00005822       0xae FreeRTOS/tasks.o
                0x00005822                xTaskCheckForTimeOut
 .text.vTaskMissedYield
                0x000058d0        0x8 FreeRTOS/tasks.o
                0x000058d0                vTaskMissedYield
 .text.vTaskGetInfo
                0x000058d8       0xfc FreeRTOS/tasks.o
                0x000058d8                vTaskGetInfo
 .text.prvListTasksWithinSingleList.part.6
                0x000059d4       0xc4 FreeRTOS/tasks.o
 .text.uxTaskGetSystemState
                0x00005a98      0x174 FreeRTOS/tasks.o
                0x00005a98                uxTaskGetSystemState
 .text.xTaskPriorityInherit
                0x00005c0c       0xe6 FreeRTOS/tasks.o
                0x00005c0c                xTaskPriorityInherit
 .text.xTaskPriorityDisinherit
                0x00005cf2       0xae FreeRTOS/tasks.o
                0x00005cf2                xTaskPriorityDisinherit
 .text.vTaskPriorityDisinheritAfterTimeout
                0x00005da0       0xde FreeRTOS/tasks.o
                0x00005da0                vTaskPriorityDisinheritAfterTimeout
 .text.vTaskGetRunTimeStats
                0x00005e7e      0x16c FreeRTOS/tasks.o
                0x00005e7e                vTaskGetRunTimeStats
 .text.pvTaskIncrementMutexHeldCount
                0x00005fea       0x24 FreeRTOS/tasks.o
                0x00005fea                pvTaskIncrementMutexHeldCount
 .text.vTaskNotifyGiveFromISR
                0x0000600e       0xe8 FreeRTOS/tasks.o
                0x0000600e                vTaskNotifyGiveFromISR
 .text.vApplicationIdleHook
                0x000060f6        0x2 hooks.o
                0x000060f6                vApplicationIdleHook
 .text.vApplicationMallocFailedHook
                0x000060f8       0x3e hooks.o
                0x000060f8                vApplicationMallocFailedHook
 .text.vApplicationStackOverflowHook
                0x00006136       0x54 hooks.o
                0x00006136                vApplicationStackOverflowHook
 .text.vAssertCalled
                0x0000618a       0x64 hooks.o
                0x0000618a                vAssertCalled
 .text.startup.main
                0x000061ee       0x30 main.o
                0x000061ee                main
 .text.cmpfunc  0x0000621e       0x28 memmap.o
                0x0000621e                cmpfunc
 .text.MemMap   0x00006246      0x27e memmap.o
                0x00006246                MemMap
 .text.WorkerADC
                0x000064c4       0x72 Tasks/ADCTask.o
                0x000064c4                WorkerADC
 .text.InitADCTask
                0x00006536       0x3a Tasks/ADCTask.o
                0x00006536                InitADCTask
 .text.GetADCData
                0x00006570       0x52 Tasks/ADCTask.o
                0x00006570                GetADCData
 .text.WorkerGyro
                0x000065c2      0x186 Tasks/GyroTask.o
 .text.InitGyroTask
                0x00006748       0x36 Tasks/GyroTask.o
                0x00006748                InitGyroTask
 .text.GyroGet  0x0000677e       0x76 Tasks/GyroTask.o
                0x0000677e                GyroGet
 .text.IPSGetPosition
                0x000067f4       0xa0 Tasks/IPS_Task.o
                0x000067f4                IPSGetPosition
 .text.IPSGetVelocity
                0x00006894       0x70 Tasks/IPS_Task.o
                0x00006894                IPSGetVelocity
 .text.IPSGetAcceleration
                0x00006904       0xa0 Tasks/IPS_Task.o
                0x00006904                IPSGetAcceleration
 .text.WorkerLineFollowerDirect
                0x000069a4       0xf0 Tasks/LineFollowerDirectTask.o
 .text.InitLineFollowerDirectTask
                0x00006a94       0x36 Tasks/LineFollowerDirectTask.o
                0x00006a94                InitLineFollowerDirectTask
 .text.EnableLineFollowerDirectTask
                0x00006aca        0xc Tasks/LineFollowerDirectTask.o
                0x00006aca                EnableLineFollowerDirectTask
 .text.DisableLineFollowerDirectTask
                0x00006ad6        0xc Tasks/LineFollowerDirectTask.o
                0x00006ad6                DisableLineFollowerDirectTask
 .text.WorkerLineFollowerSpeed
                0x00006ae2      0x124 Tasks/LineFollowerSpeedTask.o
                0x00006ae2                WorkerLineFollowerSpeed
 .text.InitLineFollowerSpeedTask
                0x00006c06       0x4c Tasks/LineFollowerSpeedTask.o
                0x00006c06                InitLineFollowerSpeedTask
 .text.StartLineFollower
                0x00006c52       0x26 Tasks/LineFollowerSpeedTask.o
                0x00006c52                StartLineFollower
 .text.StopLineFollower
                0x00006c78       0x16 Tasks/LineFollowerSpeedTask.o
                0x00006c78                StopLineFollower
 .text.WorkerMotion
                0x00006c8e      0x446 Tasks/MotionTask.o
 .text.InitMotionTask
                0x000070d4       0x4c Tasks/MotionTask.o
                0x000070d4                InitMotionTask
 .text.DriveStraight
                0x00007120       0x56 Tasks/MotionTask.o
                0x00007120                DriveStraight
 .text.DriveSegment
                0x00007176       0x4e Tasks/MotionTask.o
                0x00007176                DriveSegment
 .text.RotateCenter
                0x000071c4       0x56 Tasks/MotionTask.o
                0x000071c4                RotateCenter
 .text.WorkerMotorPos
                0x0000721a      0x28a Tasks/MotorPosTask.o
                0x0000721a                WorkerMotorPos
 .text.EnableMotorPosTask
                0x000074a4       0x32 Tasks/MotorPosTask.o
                0x000074a4                EnableMotorPosTask
 .text.DisableMotorPosTask
                0x000074d6       0x18 Tasks/MotorPosTask.o
                0x000074d6                DisableMotorPosTask
 .text.InitMotorPosTask
                0x000074ee       0x70 Tasks/MotorPosTask.o
                0x000074ee                InitMotorPosTask
 .text.MotorPosIncSet
                0x0000755e       0x38 Tasks/MotorPosTask.o
                0x0000755e                MotorPosIncSet
 .text.WorkerMotorSpeed
                0x00007596       0x48 Tasks/MotorSpeedTask.o
                0x00007596                WorkerMotorSpeed
 .text.InitMotorSpeedTask
                0x000075de       0x60 Tasks/MotorSpeedTask.o
                0x000075de                InitMotorSpeedTask
 .text.EnableMotorSpeedTask
                0x0000763e       0x18 Tasks/MotorSpeedTask.o
                0x0000763e                EnableMotorSpeedTask
 .text.DisableMotorSpeedTask
                0x00007656        0xc Tasks/MotorSpeedTask.o
                0x00007656                DisableMotorSpeedTask
 .text.MotorSpeedSet
                0x00007662       0x20 Tasks/MotorSpeedTask.o
                0x00007662                MotorSpeedSet
 .text.InitOLEDMenuTask
                0x00007682       0x28 Tasks/OledMenuTask.o
                0x00007682                InitOLEDMenuTask
 .text.DrawMenu
                0x000076aa       0x56 Tasks/OledMenuTask.o
                0x000076aa                DrawMenu
 .text.PageKarlsTask
                0x00007700      0x20e Tasks/OledMenuTask.o
                0x00007700                PageKarlsTask
 .text.PageCPUStatus
                0x0000790e      0x1ac Tasks/OledMenuTask.o
                0x0000790e                PageCPUStatus
 .text.PageMotorSpeed
                0x00007aba      0x336 Tasks/OledMenuTask.o
                0x00007aba                PageMotorSpeed
 .text.PageADPS9960
                0x00007df0      0x136 Tasks/OledMenuTask.o
                0x00007df0                PageADPS9960
 .text.PageADC  0x00007f26      0x160 Tasks/OledMenuTask.o
                0x00007f26                PageADC
 .text.PageLineFollowSpeed
                0x00008086       0x58 Tasks/OledMenuTask.o
                0x00008086                PageLineFollowSpeed
 .text.PageLineFollowDirect
                0x000080de       0x40 Tasks/OledMenuTask.o
                0x000080de                PageLineFollowDirect
 .text.PageRGB  0x0000811e       0xe6 Tasks/OledMenuTask.o
                0x0000811e                PageRGB
 .text.PageGyro
                0x00008204       0xd2 Tasks/OledMenuTask.o
                0x00008204                PageGyro
 .text.PageRanger
                0x000082d6       0x8a Tasks/OledMenuTask.o
                0x000082d6                PageRanger
 .text.WorkerOLEDMenu
                0x00008360      0x102 Tasks/OledMenuTask.o
                0x00008360                WorkerOLEDMenu
 .text.WorkerRGB
                0x00008462       0xda Tasks/RGBTask.o
                0x00008462                WorkerRGB
 .text.InitRGBTask
                0x0000853c       0x5c Tasks/RGBTask.o
                0x0000853c                InitRGBTask
 .text.SetRGB   0x00008598       0x2c Tasks/RGBTask.o
                0x00008598                SetRGB
 .text.WorkerStartup
                0x000085c4       0x6e Tasks/StartupTask.o
 .text.InitStartupTask
                0x00008632       0x28 Tasks/StartupTask.o
                0x00008632                InitStartupTask
 .text.WorkerTerminal
                0x0000865a      0x4d2 Tasks/TerminalTask.o
 .text.InitTerminalTask
                0x00008b2c       0x28 Tasks/TerminalTask.o
                0x00008b2c                InitTerminalTask
 .text.avr-libc.fplib
                0x00008b54        0xe c:/program files (x86)/atmel/studio/7.0/toolchain/avr8/avr8-gnu-toolchain/bin/../lib/gcc/avr/5.4.0/../../../../avr/lib/avrxmega6\libm.a(addsf3.o)
                0x00008b54                __subsf3
                0x00008b56                __addsf3
 .text.avr-libc.fplib
                0x00008b62       0xcc c:/program files (x86)/atmel/studio/7.0/toolchain/avr8/avr8-gnu-toolchain/bin/../lib/gcc/avr/5.4.0/../../../../avr/lib/avrxmega6\libm.a(addsf3x.o)
                0x00008b84                __addsf3x
 .text.avr-libc.fplib
                0x00008c2e        0xa c:/program files (x86)/atmel/studio/7.0/toolchain/avr8/avr8-gnu-toolchain/bin/../lib/gcc/avr/5.4.0/../../../../avr/lib/avrxmega6\libm.a(cmpsf2.o)
                0x00008c2e                __nesf2
                0x00008c2e                __eqsf2
                0x00008c2e                __cmpsf2
                0x00008c2e                __ltsf2
                0x00008c2e                __lesf2
 .text.avr-libc.fplib
                0x00008c38        0x8 c:/program files (x86)/atmel/studio/7.0/toolchain/avr8/avr8-gnu-toolchain/bin/../lib/gcc/avr/5.4.0/../../../../avr/lib/avrxmega6\libm.a(divsf3.o)
                0x00008c38                __divsf3
 .text.avr-libc.fplib
                0x00008c40       0xdc c:/program files (x86)/atmel/studio/7.0/toolchain/avr8/avr8-gnu-toolchain/bin/../lib/gcc/avr/5.4.0/../../../../avr/lib/avrxmega6\libm.a(divsf3x.o)
                0x00008c60                __divsf3x
                0x00008c66                __divsf3_pse
 .text.avr-libc.fplib
                0x00008d1c        0xe c:/program files (x86)/atmel/studio/7.0/toolchain/avr8/avr8-gnu-toolchain/bin/../lib/gcc/avr/5.4.0/../../../../avr/lib/avrxmega6\libm.a(fixsfsi.o)
                0x00008d1c                __fixsfsi
 .text.avr-libc.fplib
                0x00008d2a       0x5e c:/program files (x86)/atmel/studio/7.0/toolchain/avr8/avr8-gnu-toolchain/bin/../lib/gcc/avr/5.4.0/../../../../avr/lib/avrxmega6\libm.a(fixunssfsi.o)
                0x00008d2a                __fixunssfsi
 .text.avr-libc.fplib
                0x00008d88       0x7a c:/program files (x86)/atmel/studio/7.0/toolchain/avr8/avr8-gnu-toolchain/bin/../lib/gcc/avr/5.4.0/../../../../avr/lib/avrxmega6\libm.a(floatsisf.o)
                0x00008d88                __floatunsisf
                0x00008d8c                __floatsisf
 .text.avr-libc.fplib
                0x00008e02       0x48 c:/program files (x86)/atmel/studio/7.0/toolchain/avr8/avr8-gnu-toolchain/bin/../lib/gcc/avr/5.4.0/../../../../avr/lib/avrxmega6\libm.a(fp_cmp.o)
                0x00008e02                __fp_cmp
 .text.avr-libc.fplib
                0x00008e4a        0xc c:/program files (x86)/atmel/studio/7.0/toolchain/avr8/avr8-gnu-toolchain/bin/../lib/gcc/avr/5.4.0/../../../../avr/lib/avrxmega6\libm.a(fp_inf.o)
                0x00008e4a                __fp_inf
 .text.avr-libc.fplib
                0x00008e56        0x6 c:/program files (x86)/atmel/studio/7.0/toolchain/avr8/avr8-gnu-toolchain/bin/../lib/gcc/avr/5.4.0/../../../../avr/lib/avrxmega6\libm.a(fp_nan.o)
                0x00008e56                __fp_nan
 .text.avr-libc.fplib
                0x00008e5c        0xe c:/program files (x86)/atmel/studio/7.0/toolchain/avr8/avr8-gnu-toolchain/bin/../lib/gcc/avr/5.4.0/../../../../avr/lib/avrxmega6\libm.a(fp_pscA.o)
                0x00008e5c                __fp_pscA
 .text.avr-libc.fplib
                0x00008e6a        0xe c:/program files (x86)/atmel/studio/7.0/toolchain/avr8/avr8-gnu-toolchain/bin/../lib/gcc/avr/5.4.0/../../../../avr/lib/avrxmega6\libm.a(fp_pscB.o)
                0x00008e6a                __fp_pscB
 .text.avr-libc.fplib
                0x00008e78       0x22 c:/program files (x86)/atmel/studio/7.0/toolchain/avr8/avr8-gnu-toolchain/bin/../lib/gcc/avr/5.4.0/../../../../avr/lib/avrxmega6\libm.a(fp_round.o)
                0x00008e78                __fp_round
 .text.avr-libc.fplib
                0x00008e9a       0x44 c:/program files (x86)/atmel/studio/7.0/toolchain/avr8/avr8-gnu-toolchain/bin/../lib/gcc/avr/5.4.0/../../../../avr/lib/avrxmega6\libm.a(fp_split3.o)
                0x00008e9a                __fp_split3
                0x00008eaa                __fp_splitA
 .text.avr-libc.fplib
                0x00008ede        0xe c:/program files (x86)/atmel/studio/7.0/toolchain/avr8/avr8-gnu-toolchain/bin/../lib/gcc/avr/5.4.0/../../../../avr/lib/avrxmega6\libm.a(fp_zero.o)
                0x00008ede                __fp_zero
                0x00008ee0                __fp_szero
 .text.avr-libc.fplib
                0x00008eec        0xa c:/program files (x86)/atmel/studio/7.0/toolchain/avr8/avr8-gnu-toolchain/bin/../lib/gcc/avr/5.4.0/../../../../avr/lib/avrxmega6\libm.a(gesf2.o)
                0x00008eec                __gesf2
                0x00008eec                __gtsf2
 .text.avr-libc.fplib
                0x00008ef6        0x8 c:/program files (x86)/atmel/studio/7.0/toolchain/avr8/avr8-gnu-toolchain/bin/../lib/gcc/avr/5.4.0/../../../../avr/lib/avrxmega6\libm.a(mulsf3.o)
                0x00008ef6                __mulsf3
 .text.avr-libc.fplib
                0x00008efe       0xd2 c:/program files (x86)/atmel/studio/7.0/toolchain/avr8/avr8-gnu-toolchain/bin/../lib/gcc/avr/5.4.0/../../../../avr/lib/avrxmega6\libm.a(mulsf3x.o)
                0x00008f1c                __mulsf3x
                0x00008f22                __mulsf3_pse
 .text.avr-libc
                0x00008fd0      0x740 c:/program files (x86)/atmel/studio/7.0/toolchain/avr8/avr8-gnu-toolchain/bin/../lib/gcc/avr/5.4.0/../../../../avr/lib/avrxmega6\libprintf_flt.a(vfprintf_flt.o)
                0x00008fd0                vfprintf
 .text.libgcc.div
                0x00009710       0x28 c:/program files (x86)/atmel/studio/7.0/toolchain/avr8/avr8-gnu-toolchain/bin/../lib/gcc/avr/5.4.0/avrxmega6\libgcc.a(_udivmodhi4.o)
                0x00009710                __udivmodhi4
 .text.libgcc.div
                0x00009738       0x28 c:/program files (x86)/atmel/studio/7.0/toolchain/avr8/avr8-gnu-toolchain/bin/../lib/gcc/avr/5.4.0/avrxmega6\libgcc.a(_divmodhi4.o)
                0x00009738                _div
                0x00009738                __divmodhi4
 .text.libgcc.div
                0x00009760       0x44 c:/program files (x86)/atmel/studio/7.0/toolchain/avr8/avr8-gnu-toolchain/bin/../lib/gcc/avr/5.4.0/avrxmega6\libgcc.a(_udivmodsi4.o)
                0x00009760                __udivmodsi4
 .text.libgcc.mul
                0x000097a4       0x1e c:/program files (x86)/atmel/studio/7.0/toolchain/avr8/avr8-gnu-toolchain/bin/../lib/gcc/avr/5.4.0/avrxmega6\libgcc.a(_umulhisi3.o)
                0x000097a4                __umulhisi3
 .text.libgcc.mul
                0x000097c2       0x16 c:/program files (x86)/atmel/studio/7.0/toolchain/avr8/avr8-gnu-toolchain/bin/../lib/gcc/avr/5.4.0/avrxmega6\libgcc.a(_muluhisi3.o)
                0x000097c2                __muluhisi3
 .text.libgcc.mul
                0x000097d8       0x10 c:/program files (x86)/atmel/studio/7.0/toolchain/avr8/avr8-gnu-toolchain/bin/../lib/gcc/avr/5.4.0/avrxmega6\libgcc.a(_mulshisi3.o)
                0x000097d8                __mulshisi3
                0x000097de                __mulohisi3
 .text.avr-libc
                0x000097e8      0x242 c:/program files (x86)/atmel/studio/7.0/toolchain/avr8/avr8-gnu-toolchain/bin/../lib/gcc/avr/5.4.0/../../../../avr/lib/avrxmega6\libc.a(malloc.o)
                0x000097e8                malloc
                0x00009918                free
 .text.avr-libc
                0x00009a2a      0x41c c:/program files (x86)/atmel/studio/7.0/toolchain/avr8/avr8-gnu-toolchain/bin/../lib/gcc/avr/5.4.0/../../../../avr/lib/avrxmega6\libc.a(qsort.o)
                0x00009ab8                qsort
 .text.avr-libc
                0x00009e46        0x8 c:/program files (x86)/atmel/studio/7.0/toolchain/avr8/avr8-gnu-toolchain/bin/../lib/gcc/avr/5.4.0/../../../../avr/lib/avrxmega6\libc.a(atof.o)
                0x00009e46                atof
 .text.avr-libc
                0x00009e4e      0x1b0 c:/program files (x86)/atmel/studio/7.0/toolchain/avr8/avr8-gnu-toolchain/bin/../lib/gcc/avr/5.4.0/../../../../avr/lib/avrxmega6\libc.a(ftoa_engine.o)
                0x00009e4e                __ftoa_engine
 .text.avr-libc
                0x00009ffe       0x16 c:/program files (x86)/atmel/studio/7.0/toolchain/avr8/avr8-gnu-toolchain/bin/../lib/gcc/avr/5.4.0/../../../../avr/lib/avrxmega6\libc.a(strnlen_P.o)
                0x00009ffe                strnlen_P
 .text.avr-libc
                0x0000a014        0x8 c:/program files (x86)/atmel/studio/7.0/toolchain/avr8/avr8-gnu-toolchain/bin/../lib/gcc/avr/5.4.0/../../../../avr/lib/avrxmega6\libc.a(strtok.o)
                0x0000a014                strtok
 .text.avr-libc
                0x0000a01c       0x12 c:/program files (x86)/atmel/studio/7.0/toolchain/avr8/avr8-gnu-toolchain/bin/../lib/gcc/avr/5.4.0/../../../../avr/lib/avrxmega6\libc.a(memcpy.o)
                0x0000a01c                memcpy
 .text.avr-libc
                0x0000a02e        0xe c:/program files (x86)/atmel/studio/7.0/toolchain/avr8/avr8-gnu-toolchain/bin/../lib/gcc/avr/5.4.0/../../../../avr/lib/avrxmega6\libc.a(memset.o)
                0x0000a02e                memset
 .text.avr-libc
                0x0000a03c        0xe c:/program files (x86)/atmel/studio/7.0/toolchain/avr8/avr8-gnu-toolchain/bin/../lib/gcc/avr/5.4.0/../../../../avr/lib/avrxmega6\libc.a(strcpy.o)
                0x0000a03c                strcpy
 .text.avr-libc
                0x0000a04a       0x16 c:/program files (x86)/atmel/studio/7.0/toolchain/avr8/avr8-gnu-toolchain/bin/../lib/gcc/avr/5.4.0/../../../../avr/lib/avrxmega6\libc.a(strnlen.o)
                0x0000a04a                strnlen
 .text.avr-libc
                0x0000a060       0x34 c:/program files (x86)/atmel/studio/7.0/toolchain/avr8/avr8-gnu-toolchain/bin/../lib/gcc/avr/5.4.0/../../../../avr/lib/avrxmega6\libc.a(strstr.o)
                0x0000a060                strstr
 .text.avr-libc
                0x0000a094       0x4e c:/program files (x86)/atmel/studio/7.0/toolchain/avr8/avr8-gnu-toolchain/bin/../lib/gcc/avr/5.4.0/../../../../avr/lib/avrxmega6\libc.a(strtok_r.o)
                0x0000a094                strtok_r
 .text.avr-libc
                0x0000a0e2       0x64 c:/program files (x86)/atmel/studio/7.0/toolchain/avr8/avr8-gnu-toolchain/bin/../lib/gcc/avr/5.4.0/../../../../avr/lib/avrxmega6\libc.a(fgets.o)
                0x0000a0e2                fgets
 .text.avr-libc
                0x0000a146       0x78 c:/program files (x86)/atmel/studio/7.0/toolchain/avr8/avr8-gnu-toolchain/bin/../lib/gcc/avr/5.4.0/../../../../avr/lib/avrxmega6\libc.a(fputc.o)
                0x0000a146                fputc
 .text.avr-libc
                0x0000a1be       0x28 c:/program files (x86)/atmel/studio/7.0/toolchain/avr8/avr8-gnu-toolchain/bin/../lib/gcc/avr/5.4.0/../../../../avr/lib/avrxmega6\libc.a(printf.o)
                0x0000a1be                printf
 .text.avr-libc
                0x0000a1e6       0x50 c:/program files (x86)/atmel/studio/7.0/toolchain/avr8/avr8-gnu-toolchain/bin/../lib/gcc/avr/5.4.0/../../../../avr/lib/avrxmega6\libc.a(printf_p.o)
                0x0000a1e6                printf_P
 .text.avr-libc
                0x0000a236       0x60 c:/program files (x86)/atmel/studio/7.0/toolchain/avr8/avr8-gnu-toolchain/bin/../lib/gcc/avr/5.4.0/../../../../avr/lib/avrxmega6\libc.a(puts.o)
                0x0000a236                puts
 .text.avr-libc
                0x0000a296       0x52 c:/program files (x86)/atmel/studio/7.0/toolchain/avr8/avr8-gnu-toolchain/bin/../lib/gcc/avr/5.4.0/../../../../avr/lib/avrxmega6\libc.a(sprintf.o)
                0x0000a296                sprintf
 .text.avr-libc
                0x0000a2e8       0xbc c:/program files (x86)/atmel/studio/7.0/toolchain/avr8/avr8-gnu-toolchain/bin/../lib/gcc/avr/5.4.0/../../../../avr/lib/avrxmega6\libc.a(ultoa_invert.o)
                0x0000a2e8                __ultoa_invert
 .text.avr-libc
                0x0000a3a4      0x2b8 c:/program files (x86)/atmel/studio/7.0/toolchain/avr8/avr8-gnu-toolchain/bin/../lib/gcc/avr/5.4.0/../../../../avr/lib/avrxmega6\libc.a(strtod.o)
                0x0000a3a4                strtod
 .text.avr-libc
                0x0000a65c       0x12 c:/program files (x86)/atmel/studio/7.0/toolchain/avr8/avr8-gnu-toolchain/bin/../lib/gcc/avr/5.4.0/../../../../avr/lib/avrxmega6\libc.a(isspace.o)
                0x0000a65c                isspace
 .text.avr-libc
                0x0000a66e       0x30 c:/program files (x86)/atmel/studio/7.0/toolchain/avr8/avr8-gnu-toolchain/bin/../lib/gcc/avr/5.4.0/../../../../avr/lib/avrxmega6\libc.a(strncasecmp_P.o)
                0x0000a66e                strncasecmp_P
 .text.avr-libc
                0x0000a69e       0x7c c:/program files (x86)/atmel/studio/7.0/toolchain/avr8/avr8-gnu-toolchain/bin/../lib/gcc/avr/5.4.0/../../../../avr/lib/avrxmega6\libc.a(fgetc.o)
                0x0000a69e                fgetc
 .text.avr-libc
                0x0000a71a        0x6 c:/program files (x86)/atmel/studio/7.0/toolchain/avr8/avr8-gnu-toolchain/bin/../lib/gcc/avr/5.4.0/../../../../avr/lib/avrxmega6\libc.a(cty_isfalse.o)
                0x0000a71a                __ctype_isfalse
                0x0000a71e                __ctype_istrue
                0x0000a720                . = ALIGN (0x2)
 *(.fini9)
 .fini9         0x0000a720        0x0 c:/program files (x86)/atmel/studio/7.0/toolchain/avr8/avr8-gnu-toolchain/bin/../lib/gcc/avr/5.4.0/avrxmega6\libgcc.a(_exit.o)
                0x0000a720                _exit
                0x0000a720                exit
 *(.fini9)
 *(.fini8)
 *(.fini8)
 *(.fini7)
 *(.fini7)
 *(.fini6)
 *(.fini6)
 *(.fini5)
 *(.fini5)
 *(.fini4)
 *(.fini4)
 *(.fini3)
 *(.fini3)
 *(.fini2)
 *(.fini2)
 *(.fini1)
 *(.fini1)
 *(.fini0)
 .fini0         0x0000a720        0x4 c:/program files (x86)/atmel/studio/7.0/toolchain/avr8/avr8-gnu-toolchain/bin/../lib/gcc/avr/5.4.0/avrxmega6\libgcc.a(_exit.o)
 *(.fini0)
                0x0000a724                _etext = .

.data           0x00802000      0x8ec load address 0x0000a724
                0x00802000                PROVIDE (__data_start, .)
 *(.data)
 .data          0x00802000        0x6 c:/program files (x86)/atmel/studio/7.0/toolchain/avr8/avr8-gnu-toolchain/bin/../lib/gcc/avr/5.4.0/../../../../avr/lib/avrxmega6\libc.a(malloc.o)
                0x00802000                __malloc_heap_end
                0x00802002                __malloc_heap_start
                0x00802004                __malloc_margin
 *(.data*)
 .data.UsartStdio
                0x00802006        0xe Drivers/DriverUSART.o
 .data.xFreeBytesRemaining
                0x00802014        0x2 FreeRTOS/heap_2.o
 .data.MenuLines
                0x00802016       0xdc Tasks/OledMenuTask.o
                0x00802016                MenuLines
 *(.gnu.linkonce.d*)
 *(.rodata)
 *(.rodata*)
 .rodata.str1.1
                0x008020f2       0x41 Drivers/DriverAdps9960.o
 .rodata.str1.1
                0x00802133        0xc Drivers/DriverCursorstick.o
 .rodata.str1.1
                0x0080213f       0x67 Drivers/DriverMPU6050.o
 .rodata.font_6x8
                0x008021a6      0x1d6 Drivers/DriverOled.o
                0x008021a6                font_6x8
 .rodata.str1.1
                0x0080237c       0x1f Drivers/Driverpl9823USART.o
 .rodata.str1.1
                0x0080239b       0x18 Drivers/DriverTWIMaster.o
 .rodata.str1.1
                0x008023b3       0x37 Drivers/DriverVL53L0x.o
 .rodata.str1.1
                0x008023ea       0x14 FreeRTOS/queue.o
 .rodata.str1.1
                0x008023fe       0x43 FreeRTOS/tasks.o
 .rodata.str1.1
                0x00802441       0x55 hooks.o
                                 0x58 (size before relaxing)
 .rodata.str1.1
                0x00802496      0x1de memmap.o
 .rodata.str1.1
                0x00802674        0x4 Tasks/ADCTask.o
 .rodata.str1.1
                0x00802678        0x5 Tasks/GyroTask.o
 .rodata.str1.1
                0x0080267d       0x13 Tasks/LineFollowerDirectTask.o
 .rodata.str1.1
                0x00802690        0x8 Tasks/LineFollowerSpeedTask.o
 .rodata.str1.1
                0x00802698        0x7 Tasks/MotionTask.o
 .rodata.str1.1
                0x0080269f        0x7 Tasks/MotorPosTask.o
 .rodata.str1.1
                0x008026a6        0x7 Tasks/MotorSpeedTask.o
 .rodata.str1.1
                0x008026ad      0x199 Tasks/OledMenuTask.o
 .rodata.str1.1
                0x00802846      0x199 Tasks/RGBTask.o
                                  0x4 (size before relaxing)
 .rodata.str1.1
                0x00802846        0x8 Tasks/StartupTask.o
 .rodata.str1.1
                0x0080284e       0x9e Tasks/TerminalTask.o
                                 0xa0 (size before relaxing)
 *(.gnu.linkonce.r*)
                0x008029e0                . = ALIGN (0x2)
                0x008029e0                _edata = .
                0x008029e0                PROVIDE (__data_end, .)

.bss            0x008028ec      0x598
                0x008028ec                PROVIDE (__bss_start, .)
 *(.bss)
 .bss           0x008028ec        0x2 c:/program files (x86)/atmel/studio/7.0/toolchain/avr8/avr8-gnu-toolchain/bin/../lib/gcc/avr/5.4.0/../../../../avr/lib/avrxmega6\libc.a(strtok.o)
 *(.bss*)
 .bss.LastIntTime.4303
                0x008028ee        0x4 Drivers/DriverCursorstick.o
 .bss.CursorstickQueue
                0x008028f2        0x2 Drivers/DriverCursorstick.o
 .bss.pf.3635   0x008028f4        0x1 Drivers/DriverDbgUSART.o
 .bss.i.3634    0x008028f5        0x2 Drivers/DriverDbgUSART.o
 .bss.i.3624    0x008028f7        0x2 Drivers/DriverDbgUSART.o
 .bss.DriverOLEDInitialized
                0x008028f9        0x1 Drivers/DriverOled.o
 .bss.GlobOrientation
                0x008028fa        0x1 Drivers/DriverOled.o
 .bss.buffer    0x008028fb      0x400 Drivers/DriverOled.o
 .bss.TxIdx     0x00802cfb        0x1 Drivers/Driverpl9823USART.o
 .bss.DataBuffer
                0x00802cfc       0x4e Drivers/Driverpl9823USART.o
 .bss.ByteIdx   0x00802d4a        0x1 Drivers/Driverpl9823USART.o
 .bss.BitIdx    0x00802d4b        0x1 Drivers/Driverpl9823USART.o
 .bss.SemaRx    0x00802d4c        0x2 Drivers/DriverTWIMaster.o
 .bss.SemaBus   0x00802d4e        0x2 Drivers/DriverTWIMaster.o
 .bss.Twim_result
                0x00802d50        0x1 Drivers/DriverTWIMaster.o
 .bss.Twim_status
                0x00802d51        0x1 Drivers/DriverTWIMaster.o
 .bss.Twim_bytesRead
                0x00802d52        0x1 Drivers/DriverTWIMaster.o
 .bss.Twim_bytesWritten
                0x00802d53        0x1 Drivers/DriverTWIMaster.o
 .bss.Twim_bytesToRead
                0x00802d54        0x1 Drivers/DriverTWIMaster.o
 .bss.Twim_bytesToWrite
                0x00802d55        0x1 Drivers/DriverTWIMaster.o
 .bss.Twim_readData
                0x00802d56        0x2 Drivers/DriverTWIMaster.o
 .bss.Twim_writeData
                0x00802d58        0x2 Drivers/DriverTWIMaster.o
 .bss.Twim_address
                0x00802d5a        0x1 Drivers/DriverTWIMaster.o
 .bss.receiveStarted
                0x00802d5b        0x1 Drivers/DriverUSART.o
                0x00802d5b                receiveStarted
 .bss.timeout_start_ticks
                0x00802d5c        0x4 Drivers/DriverVL53L0x.o
 .bss.stop_variable
                0x00802d60        0x1 Drivers/DriverVL53L0x.o
 .bss.xHeapHasBeenInitialised.4135
                0x00802d61        0x1 FreeRTOS/heap_2.o
 .bss.xEnd      0x00802d62        0x4 FreeRTOS/heap_2.o
 .bss.xStart    0x00802d66        0x4 FreeRTOS/heap_2.o
 .bss.ulTaskSwitchedInTime
                0x00802d6a        0x4 FreeRTOS/tasks.o
 .bss.uxSchedulerSuspended
                0x00802d6e        0x1 FreeRTOS/tasks.o
 .bss.xIdleTaskHandle
                0x00802d6f        0x2 FreeRTOS/tasks.o
 .bss.xNextTaskUnblockTime
                0x00802d71        0x2 FreeRTOS/tasks.o
 .bss.uxTaskNumber
                0x00802d73        0x1 FreeRTOS/tasks.o
 .bss.xNumOfOverflows
                0x00802d74        0x1 FreeRTOS/tasks.o
 .bss.xYieldPending
                0x00802d75        0x1 FreeRTOS/tasks.o
 .bss.uxPendedTicks
                0x00802d76        0x1 FreeRTOS/tasks.o
 .bss.xSchedulerRunning
                0x00802d77        0x1 FreeRTOS/tasks.o
 .bss.uxTopReadyPriority
                0x00802d78        0x1 FreeRTOS/tasks.o
 .bss.xTickCount
                0x00802d79        0x2 FreeRTOS/tasks.o
 .bss.uxCurrentNumberOfTasks
                0x00802d7b        0x1 FreeRTOS/tasks.o
 .bss.xSuspendedTaskList
                0x00802d7c        0x9 FreeRTOS/tasks.o
 .bss.uxDeletedTasksWaitingCleanUp
                0x00802d85        0x1 FreeRTOS/tasks.o
 .bss.xTasksWaitingTermination
                0x00802d86        0x9 FreeRTOS/tasks.o
 .bss.xPendingReadyList
                0x00802d8f        0x9 FreeRTOS/tasks.o
 .bss.pxOverflowDelayedTaskList
                0x00802d98        0x2 FreeRTOS/tasks.o
 .bss.pxDelayedTaskList
                0x00802d9a        0x2 FreeRTOS/tasks.o
 .bss.xDelayedTaskList2
                0x00802d9c        0x9 FreeRTOS/tasks.o
 .bss.xDelayedTaskList1
                0x00802da5        0x9 FreeRTOS/tasks.o
 .bss.pxReadyTasksLists
                0x00802dae       0x5a FreeRTOS/tasks.o
 .bss.pxCurrentTCB
                0x00802e08        0x2 FreeRTOS/tasks.o
                0x00802e08                pxCurrentTCB
 .bss.GlobYaw   0x00802e0a        0x4 Tasks/GyroTask.o
 .bss.GlobYawRate
                0x00802e0e        0x4 Tasks/GyroTask.o
 .bss.GyroSema  0x00802e12        0x2 Tasks/GyroTask.o
 .bss.GlobAccZ  0x00802e14        0x4 Tasks/IPS_Task.o
 .bss.GlobAccY  0x00802e18        0x4 Tasks/IPS_Task.o
 .bss.GlobAccX  0x00802e1c        0x4 Tasks/IPS_Task.o
 .bss.GlobPosZ  0x00802e20        0x4 Tasks/IPS_Task.o
 .bss.GlobPosY  0x00802e24        0x4 Tasks/IPS_Task.o
 .bss.GlobPosX  0x00802e28        0x4 Tasks/IPS_Task.o
 .bss.IPS_Sema  0x00802e2c        0x2 Tasks/IPS_Task.o
 .bss.LineFollowerDirectTaskHandle
                0x00802e2e        0x2 Tasks/LineFollowerDirectTask.o
 .bss.StopSema  0x00802e30        0x2 Tasks/LineFollowerSpeedTask.o
 .bss.StartSema
                0x00802e32        0x2 Tasks/LineFollowerSpeedTask.o
 .bss.Speed     0x00802e34        0x4 Tasks/LineFollowerSpeedTask.o
 .bss.ReqSpeed  0x00802e38        0x4 Tasks/LineFollowerSpeedTask.o
 .bss.CmdCompleteSema
                0x00802e3c        0x2 Tasks/MotionTask.o
 .bss.CmdQueue  0x00802e3e        0x2 Tasks/MotionTask.o
 .bss.xLastWakeTime
                0x00802e40        0x2 Tasks/MotorPosTask.o
 .bss.MotorPosTaskHandle
                0x00802e42        0x2 Tasks/MotorPosTask.o
 .bss.IncSetQueue
                0x00802e44        0x2 Tasks/MotorPosTask.o
 .bss.ResetSetpointSema
                0x00802e46        0x2 Tasks/MotorPosTask.o
 .bss.xLastWakeTime
                0x00802e48        0x2 Tasks/MotorSpeedTask.o
 .bss.MotorSpeedTaskHandle
                0x00802e4a        0x2 Tasks/MotorSpeedTask.o
 .bss.MotorSpeedQueue
                0x00802e4c        0x2 Tasks/MotorSpeedTask.o
 .bss.MotorSpeed
                0x00802e4e        0x4 Tasks/MotorSpeedTask.o
 .bss.SelItem   0x00802e52        0x1 Tasks/OledMenuTask.o
 .bss.TopItem   0x00802e53        0x1 Tasks/OledMenuTask.o
 *(COMMON)
 COMMON         0x00802e54        0x4 Drivers/DriverAdc.o
                0x00802e54                ConversionCompleteSema
                0x00802e56                AdcBusySema
 COMMON         0x00802e58        0x6 Drivers/DriverMotor.o
                0x00802e58                Cnt1
                0x00802e5a                Cnt2
                0x00802e5c                EncoderEventQueue
 COMMON         0x00802e5e        0x2 Drivers/DriverMPU6050.o
                0x00802e5e                USART_RX_Queue_has_data
                0x00802e5f                USART_RX_transmission_complete
 COMMON         0x00802e60        0xa Drivers/DriverUSART.o
                0x00802e60                UsartRxQueue
                0x00802e62                AresTaskHandle
                0x00802e64                InstructionQueue
                0x00802e66                NavigationTaskHandle
                0x00802e68                UsartTxQueue
 COMMON         0x00802e6a        0x4 Drivers/DriverVL53L0x.o
                0x00802e6a                measurement_timing_budget_us
 COMMON         0x00802e6e        0x4 FreeRTOS/port.o
                0x00802e6e                StatsTimer
 COMMON         0x00802e72        0x2 main.o
                0x00802e72                ucHeap
 COMMON         0x00802e74        0x2 Tasks/ADCTask.o
                0x00802e74                ADCQueue
 COMMON         0x00802e76        0x2 Tasks/RGBTask.o
                0x00802e76                EffectQueue
 COMMON         0x00802e78        0x4 c:/program files (x86)/atmel/studio/7.0/toolchain/avr8/avr8-gnu-toolchain/bin/../lib/gcc/avr/5.4.0/../../../../avr/lib/avrxmega6\libc.a(malloc.o)
                0x00802e78                __brkval
                0x00802e7a                __flp
 COMMON         0x00802e7c        0x6 c:/program files (x86)/atmel/studio/7.0/toolchain/avr8/avr8-gnu-toolchain/bin/../lib/gcc/avr/5.4.0/../../../../avr/lib/avrxmega6\libc.a(iob.o)
                0x00802e7c                __iob
 COMMON         0x00802e82        0x2 c:/program files (x86)/atmel/studio/7.0/toolchain/avr8/avr8-gnu-toolchain/bin/../lib/gcc/avr/5.4.0/../../../../avr/lib/avrxmega6\libc.a(errno.o)
                0x00802e82                errno
                0x00802e84                PROVIDE (__bss_end, .)
                0x0000a724                __data_load_start = LOADADDR (.data)
                0x0000b010                __data_load_end = (__data_load_start + SIZEOF (.data))

.noinit         0x00802e84        0x0
                [!provide]                PROVIDE (__noinit_start, .)
 *(.noinit*)
                [!provide]                PROVIDE (__noinit_end, .)
                0x00802e84                _end = .
                0x00802e84                PROVIDE (__heap_start, .)

.eeprom         0x00810000        0x0
 *(.eeprom*)
                0x00810000                __eeprom_end = .

.fuse
 *(.fuse)
 *(.lfuse)
 *(.hfuse)
 *(.efuse)

.lock
 *(.lock*)

.signature
 *(.signature*)

.user_signatures
 *(.user_signatures*)

.stab
 *(.stab)

.stabstr
 *(.stabstr)

.stab.excl
 *(.stab.excl)

.stab.exclstr
 *(.stab.exclstr)

.stab.index
 *(.stab.index)

.stab.indexstr
 *(.stab.indexstr)

.comment        0x00000000       0x5c
 *(.comment)
 .comment       0x00000000       0x30 Drivers/DriverAdc.o
                                 0x31 (size before relaxing)
 .comment       0x00000030       0x31 Drivers/DriverAdps9960.o
 .comment       0x00000030       0x31 Drivers/DriverCursorstick.o
 .comment       0x00000030       0x31 Drivers/DriverDbgUSART.o
 .comment       0x00000030       0x31 Drivers/DriverLed.o
 .comment       0x00000030       0x31 Drivers/DriverMotor.o
 .comment       0x00000030       0x31 Drivers/DriverMPU6050.o
 .comment       0x00000030       0x31 Drivers/DriverOled.o
 .comment       0x00000030       0x31 Drivers/Driverpl9823USART.o
 .comment       0x00000030       0x31 Drivers/DriverPower.o
 .comment       0x00000030       0x31 Drivers/DriverSysClk.o
 .comment       0x00000030       0x31 Drivers/DriverTWIMaster.o
 .comment       0x00000030       0x31 Drivers/DriverUSART.o
 .comment       0x00000030       0x31 Drivers/DriverVL53L0x.o
 .comment       0x00000030       0x31 FreeRTOS/heap_2.o
 .comment       0x00000030       0x31 FreeRTOS/list.o
 .comment       0x00000030       0x31 FreeRTOS/port.o
 .comment       0x00000030       0x31 FreeRTOS/queue.o
 .comment       0x00000030       0x31 FreeRTOS/tasks.o
 .comment       0x00000030       0x31 hooks.o
 .comment       0x00000030       0x31 main.o
 .comment       0x00000030       0x31 memmap.o
 .comment       0x00000030       0x31 Tasks/ADCTask.o
 .comment       0x00000030       0x31 Tasks/GyroTask.o
 .comment       0x00000030       0x31 Tasks/IPS_Task.o
 .comment       0x00000030       0x31 Tasks/LineFollowerDirectTask.o
 .comment       0x00000030       0x31 Tasks/LineFollowerSpeedTask.o
 .comment       0x00000030       0x31 Tasks/MotionTask.o
 .comment       0x00000030       0x31 Tasks/MotorPosTask.o
 .comment       0x00000030       0x31 Tasks/MotorSpeedTask.o
 .comment       0x00000030       0x31 Tasks/OledMenuTask.o
 .comment       0x00000030       0x31 Tasks/RGBTask.o
 .comment       0x00000030       0x31 Tasks/StartupTask.o
 .comment       0x00000030       0x31 Tasks/TerminalTask.o
 .comment       0x00000030       0x2c c:/program files (x86)/atmel/studio/7.0/toolchain/avr8/avr8-gnu-toolchain/bin/../lib/gcc/avr/5.4.0/../../../../avr/lib/avrxmega6\libprintf_flt.a(vfprintf_flt.o)
                                 0x2d (size before relaxing)
 .comment       0x0000005c       0x31 c:/program files (x86)/atmel/studio/7.0/toolchain/avr8/avr8-gnu-toolchain/bin/../lib/gcc/avr/5.4.0/../../../../avr/lib/avrxmega6\libc.a(malloc.o)
 .comment       0x0000005c       0x31 c:/program files (x86)/atmel/studio/7.0/toolchain/avr8/avr8-gnu-toolchain/bin/../lib/gcc/avr/5.4.0/../../../../avr/lib/avrxmega6\libc.a(qsort.o)
 .comment       0x0000005c       0x31 c:/program files (x86)/atmel/studio/7.0/toolchain/avr8/avr8-gnu-toolchain/bin/../lib/gcc/avr/5.4.0/../../../../avr/lib/avrxmega6\libc.a(strtok.o)
 .comment       0x0000005c       0x31 c:/program files (x86)/atmel/studio/7.0/toolchain/avr8/avr8-gnu-toolchain/bin/../lib/gcc/avr/5.4.0/../../../../avr/lib/avrxmega6\libc.a(fgets.o)
 .comment       0x0000005c       0x31 c:/program files (x86)/atmel/studio/7.0/toolchain/avr8/avr8-gnu-toolchain/bin/../lib/gcc/avr/5.4.0/../../../../avr/lib/avrxmega6\libc.a(fputc.o)
 .comment       0x0000005c       0x31 c:/program files (x86)/atmel/studio/7.0/toolchain/avr8/avr8-gnu-toolchain/bin/../lib/gcc/avr/5.4.0/../../../../avr/lib/avrxmega6\libc.a(iob.o)
 .comment       0x0000005c       0x31 c:/program files (x86)/atmel/studio/7.0/toolchain/avr8/avr8-gnu-toolchain/bin/../lib/gcc/avr/5.4.0/../../../../avr/lib/avrxmega6\libc.a(printf.o)
 .comment       0x0000005c       0x31 c:/program files (x86)/atmel/studio/7.0/toolchain/avr8/avr8-gnu-toolchain/bin/../lib/gcc/avr/5.4.0/../../../../avr/lib/avrxmega6\libc.a(printf_p.o)
 .comment       0x0000005c       0x31 c:/program files (x86)/atmel/studio/7.0/toolchain/avr8/avr8-gnu-toolchain/bin/../lib/gcc/avr/5.4.0/../../../../avr/lib/avrxmega6\libc.a(puts.o)
 .comment       0x0000005c       0x31 c:/program files (x86)/atmel/studio/7.0/toolchain/avr8/avr8-gnu-toolchain/bin/../lib/gcc/avr/5.4.0/../../../../avr/lib/avrxmega6\libc.a(sprintf.o)
 .comment       0x0000005c       0x31 c:/program files (x86)/atmel/studio/7.0/toolchain/avr8/avr8-gnu-toolchain/bin/../lib/gcc/avr/5.4.0/../../../../avr/lib/avrxmega6\libc.a(strtod.o)
 .comment       0x0000005c       0x31 c:/program files (x86)/atmel/studio/7.0/toolchain/avr8/avr8-gnu-toolchain/bin/../lib/gcc/avr/5.4.0/../../../../avr/lib/avrxmega6\libc.a(fgetc.o)
 .comment       0x0000005c       0x2d c:/program files (x86)/atmel/studio/7.0/toolchain/avr8/avr8-gnu-toolchain/bin/../lib/gcc/avr/5.4.0/../../../../avr/lib/avrxmega6\libc.a(errno.o)

.note.gnu.avr.deviceinfo
                0x00000000       0x40
 .note.gnu.avr.deviceinfo
                0x00000000       0x40 C:/Program Files (x86)/Atmel/Studio/7.0/Packs/atmel/XMEGAC_DFP/1.1.50/gcc/dev/atxmega384c3/avrxmega6/crtatxmega384c3.o

.note.gnu.build-id
 *(.note.gnu.build-id)

.debug
 *(.debug)

.line
 *(.line)

.debug_srcinfo
 *(.debug_srcinfo)

.debug_sfnames
 *(.debug_sfnames)

.debug_aranges  0x00000000      0xb88
 *(.debug_aranges)
 .debug_aranges
                0x00000000       0x30 Drivers/DriverAdc.o
 .debug_aranges
                0x00000030       0x28 Drivers/DriverAdps9960.o
 .debug_aranges
                0x00000058       0x38 Drivers/DriverCursorstick.o
 .debug_aranges
                0x00000090       0x30 Drivers/DriverDbgUSART.o
 .debug_aranges
                0x000000c0       0x40 Drivers/DriverLed.o
 .debug_aranges
                0x00000100       0x60 Drivers/DriverMotor.o
 .debug_aranges
                0x00000160       0x38 Drivers/DriverMPU6050.o
 .debug_aranges
                0x00000198      0x100 Drivers/DriverOled.o
 .debug_aranges
                0x00000298       0x70 Drivers/Driverpl9823USART.o
 .debug_aranges
                0x00000308       0x28 Drivers/DriverPower.o
 .debug_aranges
                0x00000330       0x20 Drivers/DriverSysClk.o
 .debug_aranges
                0x00000350       0x60 Drivers/DriverTWIMaster.o
 .debug_aranges
                0x000003b0       0x40 Drivers/DriverUSART.o
 .debug_aranges
                0x000003f0       0xa8 Drivers/DriverVL53L0x.o
 .debug_aranges
                0x00000498       0x38 FreeRTOS/heap_2.o
 .debug_aranges
                0x000004d0       0x40 FreeRTOS/list.o
 .debug_aranges
                0x00000510       0x50 FreeRTOS/port.o
 .debug_aranges
                0x00000560       0xf0 FreeRTOS/queue.o
 .debug_aranges
                0x00000650      0x1d0 FreeRTOS/tasks.o
 .debug_aranges
                0x00000820       0x38 hooks.o
 .debug_aranges
                0x00000858       0x20 main.o
 .debug_aranges
                0x00000878       0x28 memmap.o
 .debug_aranges
                0x000008a0       0x30 Tasks/ADCTask.o
 .debug_aranges
                0x000008d0       0x30 Tasks/GyroTask.o
 .debug_aranges
                0x00000900       0x48 Tasks/IPS_Task.o
 .debug_aranges
                0x00000948       0x38 Tasks/LineFollowerDirectTask.o
 .debug_aranges
                0x00000980       0x38 Tasks/LineFollowerSpeedTask.o
 .debug_aranges
                0x000009b8       0x40 Tasks/MotionTask.o
 .debug_aranges
                0x000009f8       0x40 Tasks/MotorPosTask.o
 .debug_aranges
                0x00000a38       0x40 Tasks/MotorSpeedTask.o
 .debug_aranges
                0x00000a78       0x90 Tasks/OledMenuTask.o
 .debug_aranges
                0x00000b08       0x30 Tasks/RGBTask.o
 .debug_aranges
                0x00000b38       0x28 Tasks/StartupTask.o
 .debug_aranges
                0x00000b60       0x28 Tasks/TerminalTask.o

.debug_pubnames
 *(.debug_pubnames)

.debug_info     0x00000000    0x1b06f
 *(.debug_info .gnu.linkonce.wi.*)
 .debug_info    0x00000000     0x2a76 C:/Program Files (x86)/Atmel/Studio/7.0/Packs/atmel/XMEGAC_DFP/1.1.50/gcc/dev/atxmega384c3/avrxmega6/crtatxmega384c3.o
 .debug_info    0x00002a76      0x5e3 Drivers/DriverAdc.o
 .debug_info    0x00003059      0x352 Drivers/DriverAdps9960.o
 .debug_info    0x000033ab      0xb37 Drivers/DriverCursorstick.o
 .debug_info    0x00003ee2      0x234 Drivers/DriverDbgUSART.o
 .debug_info    0x00004116      0x2bf Drivers/DriverLed.o
 .debug_info    0x000043d5      0xd71 Drivers/DriverMotor.o
 .debug_info    0x00005146      0x5ca Drivers/DriverMPU6050.o
 .debug_info    0x00005710     0x1f0f Drivers/DriverOled.o
 .debug_info    0x0000761f      0x86f Drivers/Driverpl9823USART.o
 .debug_info    0x00007e8e      0x241 Drivers/DriverPower.o
 .debug_info    0x000080cf      0x1a9 Drivers/DriverSysClk.o
 .debug_info    0x00008278      0xa95 Drivers/DriverTWIMaster.o
 .debug_info    0x00008d0d      0x752 Drivers/DriverUSART.o
 .debug_info    0x0000945f     0x5748 Drivers/DriverVL53L0x.o
 .debug_info    0x0000eba7      0x34b FreeRTOS/heap_2.o
 .debug_info    0x0000eef2      0x2d8 FreeRTOS/list.o
 .debug_info    0x0000f1ca      0x838 FreeRTOS/port.o
 .debug_info    0x0000fa02     0x1f0e FreeRTOS/queue.o
 .debug_info    0x00011910     0x358d FreeRTOS/tasks.o
 .debug_info    0x00014e9d      0x59f hooks.o
 .debug_info    0x0001543c      0x242 main.o
 .debug_info    0x0001567e      0x4ce memmap.o
 .debug_info    0x00015b4c      0x385 Tasks/ADCTask.o
 .debug_info    0x00015ed1      0x40f Tasks/GyroTask.o
 .debug_info    0x000162e0      0x800 Tasks/IPS_Task.o
 .debug_info    0x00016ae0      0x377 Tasks/LineFollowerDirectTask.o
 .debug_info    0x00016e57      0x43c Tasks/LineFollowerSpeedTask.o
 .debug_info    0x00017293      0x97b Tasks/MotionTask.o
 .debug_info    0x00017c0e      0x56d Tasks/MotorPosTask.o
 .debug_info    0x0001817b      0x42c Tasks/MotorSpeedTask.o
 .debug_info    0x000185a7     0x17b6 Tasks/OledMenuTask.o
 .debug_info    0x00019d5d      0x317 Tasks/RGBTask.o
 .debug_info    0x0001a074      0x51b Tasks/StartupTask.o
 .debug_info    0x0001a58f      0xae0 Tasks/TerminalTask.o

.debug_abbrev   0x00000000     0x67e2
 *(.debug_abbrev)
 .debug_abbrev  0x00000000     0x2836 C:/Program Files (x86)/Atmel/Studio/7.0/Packs/atmel/XMEGAC_DFP/1.1.50/gcc/dev/atxmega384c3/avrxmega6/crtatxmega384c3.o
 .debug_abbrev  0x00002836      0x1b2 Drivers/DriverAdc.o
 .debug_abbrev  0x000029e8      0x119 Drivers/DriverAdps9960.o
 .debug_abbrev  0x00002b01      0x1f4 Drivers/DriverCursorstick.o
 .debug_abbrev  0x00002cf5      0x14c Drivers/DriverDbgUSART.o
 .debug_abbrev  0x00002e41       0xd3 Drivers/DriverLed.o
 .debug_abbrev  0x00002f14      0x253 Drivers/DriverMotor.o
 .debug_abbrev  0x00003167      0x162 Drivers/DriverMPU6050.o
 .debug_abbrev  0x000032c9      0x326 Drivers/DriverOled.o
 .debug_abbrev  0x000035ef      0x275 Drivers/Driverpl9823USART.o
 .debug_abbrev  0x00003864       0xb9 Drivers/DriverPower.o
 .debug_abbrev  0x0000391d       0x94 Drivers/DriverSysClk.o
 .debug_abbrev  0x000039b1      0x265 Drivers/DriverTWIMaster.o
 .debug_abbrev  0x00003c16      0x25d Drivers/DriverUSART.o
 .debug_abbrev  0x00003e73      0x4c2 Drivers/DriverVL53L0x.o
 .debug_abbrev  0x00004335      0x1db FreeRTOS/heap_2.o
 .debug_abbrev  0x00004510       0xff FreeRTOS/list.o
 .debug_abbrev  0x0000460f      0x1d3 FreeRTOS/port.o
 .debug_abbrev  0x000047e2      0x2fb FreeRTOS/queue.o
 .debug_abbrev  0x00004add      0x4ac FreeRTOS/tasks.o
 .debug_abbrev  0x00004f89      0x189 hooks.o
 .debug_abbrev  0x00005112       0xe9 main.o
 .debug_abbrev  0x000051fb      0x1ad memmap.o
 .debug_abbrev  0x000053a8      0x159 Tasks/ADCTask.o
 .debug_abbrev  0x00005501      0x161 Tasks/GyroTask.o
 .debug_abbrev  0x00005662      0x1a9 Tasks/IPS_Task.o
 .debug_abbrev  0x0000580b      0x1ad Tasks/LineFollowerDirectTask.o
 .debug_abbrev  0x000059b8      0x186 Tasks/LineFollowerSpeedTask.o
 .debug_abbrev  0x00005b3e      0x1c8 Tasks/MotionTask.o
 .debug_abbrev  0x00005d06      0x16f Tasks/MotorPosTask.o
 .debug_abbrev  0x00005e75      0x1d5 Tasks/MotorSpeedTask.o
 .debug_abbrev  0x0000604a      0x2b3 Tasks/OledMenuTask.o
 .debug_abbrev  0x000062fd      0x166 Tasks/RGBTask.o
 .debug_abbrev  0x00006463      0x141 Tasks/StartupTask.o
 .debug_abbrev  0x000065a4      0x23e Tasks/TerminalTask.o

.debug_line     0x00000000     0x9fb8
 *(.debug_line .debug_line.* .debug_line_end)
 .debug_line    0x00000000      0x39d C:/Program Files (x86)/Atmel/Studio/7.0/Packs/atmel/XMEGAC_DFP/1.1.50/gcc/dev/atxmega384c3/avrxmega6/crtatxmega384c3.o
 .debug_line    0x0000039d      0x22b Drivers/DriverAdc.o
 .debug_line    0x000005c8      0x1f6 Drivers/DriverAdps9960.o
 .debug_line    0x000007be      0x287 Drivers/DriverCursorstick.o
 .debug_line    0x00000a45      0x205 Drivers/DriverDbgUSART.o
 .debug_line    0x00000c4a      0x198 Drivers/DriverLed.o
 .debug_line    0x00000de2      0x4cf Drivers/DriverMotor.o
 .debug_line    0x000012b1      0x373 Drivers/DriverMPU6050.o
 .debug_line    0x00001624      0xba2 Drivers/DriverOled.o
 .debug_line    0x000021c6      0x4ef Drivers/Driverpl9823USART.o
 .debug_line    0x000026b5      0x12e Drivers/DriverPower.o
 .debug_line    0x000027e3      0x145 Drivers/DriverSysClk.o
 .debug_line    0x00002928      0x443 Drivers/DriverTWIMaster.o
 .debug_line    0x00002d6b      0x2b7 Drivers/DriverUSART.o
 .debug_line    0x00003022     0x121b Drivers/DriverVL53L0x.o
 .debug_line    0x0000423d      0x2a7 FreeRTOS/heap_2.o
 .debug_line    0x000044e4      0x1d6 FreeRTOS/list.o
 .debug_line    0x000046ba      0x342 FreeRTOS/port.o
 .debug_line    0x000049fc      0xf9e FreeRTOS/queue.o
 .debug_line    0x0000599a     0x1953 FreeRTOS/tasks.o
 .debug_line    0x000072ed      0x2c4 hooks.o
 .debug_line    0x000075b1      0x1f4 main.o
 .debug_line    0x000077a5      0x26d memmap.o
 .debug_line    0x00007a12      0x194 Tasks/ADCTask.o
 .debug_line    0x00007ba6      0x1ec Tasks/GyroTask.o
 .debug_line    0x00007d92      0x3cf Tasks/IPS_Task.o
 .debug_line    0x00008161      0x1a0 Tasks/LineFollowerDirectTask.o
 .debug_line    0x00008301      0x1b7 Tasks/LineFollowerSpeedTask.o
 .debug_line    0x000084b8      0x381 Tasks/MotionTask.o
 .debug_line    0x00008839      0x27f Tasks/MotorPosTask.o
 .debug_line    0x00008ab8      0x1a3 Tasks/MotorSpeedTask.o
 .debug_line    0x00008c5b      0xafa Tasks/OledMenuTask.o
 .debug_line    0x00009755      0x1a5 Tasks/RGBTask.o
 .debug_line    0x000098fa      0x364 Tasks/StartupTask.o
 .debug_line    0x00009c5e      0x35a Tasks/TerminalTask.o

.debug_frame    0x00000000     0x2a74
 *(.debug_frame)
 .debug_frame   0x00000000       0xa8 Drivers/DriverAdc.o
 .debug_frame   0x000000a8       0x90 Drivers/DriverAdps9960.o
 .debug_frame   0x00000138       0xd8 Drivers/DriverCursorstick.o
 .debug_frame   0x00000210       0x6c Drivers/DriverDbgUSART.o
 .debug_frame   0x0000027c       0x64 Drivers/DriverLed.o
 .debug_frame   0x000002e0      0x224 Drivers/DriverMotor.o
 .debug_frame   0x00000504       0xf8 Drivers/DriverMPU6050.o
 .debug_frame   0x000005fc      0x504 Drivers/DriverOled.o
 .debug_frame   0x00000b00      0x138 Drivers/Driverpl9823USART.o
 .debug_frame   0x00000c38       0x34 Drivers/DriverPower.o
 .debug_frame   0x00000c6c       0x24 Drivers/DriverSysClk.o
 .debug_frame   0x00000c90      0x14c Drivers/DriverTWIMaster.o
 .debug_frame   0x00000ddc      0x134 Drivers/DriverUSART.o
 .debug_frame   0x00000f10      0x3cc Drivers/DriverVL53L0x.o
 .debug_frame   0x000012dc       0x74 FreeRTOS/heap_2.o
 .debug_frame   0x00001350       0x88 FreeRTOS/list.o
 .debug_frame   0x000013d8       0x94 FreeRTOS/port.o
 .debug_frame   0x0000146c      0x3f8 FreeRTOS/queue.o
 .debug_frame   0x00001864      0x7bc FreeRTOS/tasks.o
 .debug_frame   0x00002020       0x54 hooks.o
 .debug_frame   0x00002074       0x24 main.o
 .debug_frame   0x00002098       0x88 memmap.o
 .debug_frame   0x00002120       0x74 Tasks/ADCTask.o
 .debug_frame   0x00002194       0x78 Tasks/GyroTask.o
 .debug_frame   0x0000220c      0x114 Tasks/IPS_Task.o
 .debug_frame   0x00002320       0x74 Tasks/LineFollowerDirectTask.o
 .debug_frame   0x00002394       0x74 Tasks/LineFollowerSpeedTask.o
 .debug_frame   0x00002408       0xb4 Tasks/MotionTask.o
 .debug_frame   0x000024bc       0x94 Tasks/MotorPosTask.o
 .debug_frame   0x00002550       0x84 Tasks/MotorSpeedTask.o
 .debug_frame   0x000025d4      0x380 Tasks/OledMenuTask.o
 .debug_frame   0x00002954       0x84 Tasks/RGBTask.o
 .debug_frame   0x000029d8       0x44 Tasks/StartupTask.o
 .debug_frame   0x00002a1c       0x58 Tasks/TerminalTask.o

.debug_str      0x00000000     0x5ba5
 *(.debug_str)
 .debug_str     0x00000000     0x1be5 C:/Program Files (x86)/Atmel/Studio/7.0/Packs/atmel/XMEGAC_DFP/1.1.50/gcc/dev/atxmega384c3/avrxmega6/crtatxmega384c3.o
 .debug_str     0x00001be5      0x3ea Drivers/DriverAdc.o
                                0x471 (size before relaxing)
 .debug_str     0x00001fcf       0x72 Drivers/DriverAdps9960.o
                                0x1e3 (size before relaxing)
 .debug_str     0x00002041      0x3d1 Drivers/DriverCursorstick.o
                                0x6ee (size before relaxing)
 .debug_str     0x00002412       0x77 Drivers/DriverDbgUSART.o
                                0x1fc (size before relaxing)
 .debug_str     0x00002489       0x68 Drivers/DriverLed.o
                                0x286 (size before relaxing)
 .debug_str     0x000024f1      0x187 Drivers/DriverMotor.o
                                0x718 (size before relaxing)
 .debug_str     0x00002678       0xe8 Drivers/DriverMPU6050.o
                                0x284 (size before relaxing)
 .debug_str     0x00002760      0x307 Drivers/DriverOled.o
                                0x48c (size before relaxing)
 .debug_str     0x00002a67      0x129 Drivers/Driverpl9823USART.o
                                0x3bd (size before relaxing)
 .debug_str     0x00002b90       0x29 Drivers/DriverPower.o
                                0x262 (size before relaxing)
 .debug_str     0x00002bb9       0x9e Drivers/DriverSysClk.o
                                0x20e (size before relaxing)
 .debug_str     0x00002c57      0x398 Drivers/DriverTWIMaster.o
                                0x70b (size before relaxing)
 .debug_str     0x00002fef      0x148 Drivers/DriverUSART.o
                                0x4ae (size before relaxing)
 .debug_str     0x00003137      0xbea Drivers/DriverVL53L0x.o
                               0x10de (size before relaxing)
 .debug_str     0x00003d21      0x197 FreeRTOS/heap_2.o
                                0x2f8 (size before relaxing)
 .debug_str     0x00003eb8      0x125 FreeRTOS/list.o
                                0x29b (size before relaxing)
 .debug_str     0x00003fdd      0x102 FreeRTOS/port.o
                                0x561 (size before relaxing)
 .debug_str     0x000040df      0x5d5 FreeRTOS/queue.o
                                0x96a (size before relaxing)
 .debug_str     0x000046b4      0xbae FreeRTOS/tasks.o
                               0x13de (size before relaxing)
 .debug_str     0x00005262       0x21 hooks.o
                                0x334 (size before relaxing)
 .debug_str     0x00005283       0x28 main.o
                                0x294 (size before relaxing)
 .debug_str     0x000052ab       0xcf memmap.o
                                0x390 (size before relaxing)
 .debug_str     0x0000537a       0x7b Tasks/ADCTask.o
                                0x2a9 (size before relaxing)
 .debug_str     0x000053f5       0x62 Tasks/GyroTask.o
                                0x31a (size before relaxing)
 .debug_str     0x00005457      0x13e Tasks/IPS_Task.o
                                0x415 (size before relaxing)
 .debug_str     0x00005595       0xe0 Tasks/LineFollowerDirectTask.o
                                0x335 (size before relaxing)
 .debug_str     0x00005675       0x97 Tasks/LineFollowerSpeedTask.o
                                0x33e (size before relaxing)
 .debug_str     0x0000570c      0x10c Tasks/MotionTask.o
                                0x442 (size before relaxing)
 .debug_str     0x00005818       0xa9 Tasks/MotorPosTask.o
                                0x3db (size before relaxing)
 .debug_str     0x000058c1       0x82 Tasks/MotorSpeedTask.o
                                0x32f (size before relaxing)
 .debug_str     0x00005943      0x19b Tasks/OledMenuTask.o
                                0x80b (size before relaxing)
 .debug_str     0x00005ade       0x35 Tasks/RGBTask.o
                                0x25b (size before relaxing)
 .debug_str     0x00005b13       0x36 Tasks/StartupTask.o
                                0x43c (size before relaxing)
 .debug_str     0x00005b49       0x5c Tasks/TerminalTask.o
                                0x343 (size before relaxing)

.debug_loc      0x00000000    0x11912
 *(.debug_loc)
 .debug_loc     0x00000000      0x202 Drivers/DriverAdc.o
 .debug_loc     0x00000202      0x26a Drivers/DriverAdps9960.o
 .debug_loc     0x0000046c      0x252 Drivers/DriverCursorstick.o
 .debug_loc     0x000006be      0x19a Drivers/DriverDbgUSART.o
 .debug_loc     0x00000858       0x84 Drivers/DriverLed.o
 .debug_loc     0x000008dc      0x7b6 Drivers/DriverMotor.o
 .debug_loc     0x00001092      0x476 Drivers/DriverMPU6050.o
 .debug_loc     0x00001508     0x28b1 Drivers/DriverOled.o
 .debug_loc     0x00003db9      0x51f Drivers/Driverpl9823USART.o
 .debug_loc     0x000042d8       0x3a Drivers/DriverPower.o
 .debug_loc     0x00004312      0x56e Drivers/DriverTWIMaster.o
 .debug_loc     0x00004880      0x31a Drivers/DriverUSART.o
 .debug_loc     0x00004b9a     0x2f2a Drivers/DriverVL53L0x.o
 .debug_loc     0x00007ac4      0x308 FreeRTOS/heap_2.o
 .debug_loc     0x00007dcc      0x151 FreeRTOS/list.o
 .debug_loc     0x00007f1d      0x28d FreeRTOS/port.o
 .debug_loc     0x000081aa     0x2be0 FreeRTOS/queue.o
 .debug_loc     0x0000ad8a     0x3d34 FreeRTOS/tasks.o
 .debug_loc     0x0000eabe      0x176 hooks.o
 .debug_loc     0x0000ec34      0x1e7 memmap.o
 .debug_loc     0x0000ee1b       0xf0 Tasks/ADCTask.o
 .debug_loc     0x0000ef0b      0x1b9 Tasks/GyroTask.o
 .debug_loc     0x0000f0c4      0x621 Tasks/IPS_Task.o
 .debug_loc     0x0000f6e5      0x12f Tasks/LineFollowerDirectTask.o
 .debug_loc     0x0000f814      0x18c Tasks/LineFollowerSpeedTask.o
 .debug_loc     0x0000f9a0      0x51a Tasks/MotionTask.o
 .debug_loc     0x0000feba      0x312 Tasks/MotorPosTask.o
 .debug_loc     0x000101cc      0x114 Tasks/MotorSpeedTask.o
 .debug_loc     0x000102e0     0x1021 Tasks/OledMenuTask.o
 .debug_loc     0x00011301      0x387 Tasks/RGBTask.o
 .debug_loc     0x00011688       0x62 Tasks/StartupTask.o
 .debug_loc     0x000116ea      0x228 Tasks/TerminalTask.o

.debug_macinfo
 *(.debug_macinfo)

.debug_weaknames
 *(.debug_weaknames)

.debug_funcnames
 *(.debug_funcnames)

.debug_typenames
 *(.debug_typenames)

.debug_varnames
 *(.debug_varnames)

.debug_pubtypes
 *(.debug_pubtypes)

.debug_ranges   0x00000000      0xf50
 *(.debug_ranges)
 .debug_ranges  0x00000000       0x20 Drivers/DriverAdc.o
 .debug_ranges  0x00000020       0x18 Drivers/DriverAdps9960.o
 .debug_ranges  0x00000038       0x28 Drivers/DriverCursorstick.o
 .debug_ranges  0x00000060       0x20 Drivers/DriverDbgUSART.o
 .debug_ranges  0x00000080       0x30 Drivers/DriverLed.o
 .debug_ranges  0x000000b0       0x50 Drivers/DriverMotor.o
 .debug_ranges  0x00000100       0x28 Drivers/DriverMPU6050.o
 .debug_ranges  0x00000128      0x1c8 Drivers/DriverOled.o
 .debug_ranges  0x000002f0       0x90 Drivers/Driverpl9823USART.o
 .debug_ranges  0x00000380       0x18 Drivers/DriverPower.o
 .debug_ranges  0x00000398       0x10 Drivers/DriverSysClk.o
 .debug_ranges  0x000003a8       0x68 Drivers/DriverTWIMaster.o
 .debug_ranges  0x00000410       0x30 Drivers/DriverUSART.o
 .debug_ranges  0x00000440      0x130 Drivers/DriverVL53L0x.o
 .debug_ranges  0x00000570       0x28 FreeRTOS/heap_2.o
 .debug_ranges  0x00000598       0x30 FreeRTOS/list.o
 .debug_ranges  0x000005c8       0x40 FreeRTOS/port.o
 .debug_ranges  0x00000608      0x1f8 FreeRTOS/queue.o
 .debug_ranges  0x00000800      0x420 FreeRTOS/tasks.o
 .debug_ranges  0x00000c20       0x28 hooks.o
 .debug_ranges  0x00000c48       0x10 main.o
 .debug_ranges  0x00000c58       0x18 memmap.o
 .debug_ranges  0x00000c70       0x20 Tasks/ADCTask.o
 .debug_ranges  0x00000c90       0x20 Tasks/GyroTask.o
 .debug_ranges  0x00000cb0       0x38 Tasks/IPS_Task.o
 .debug_ranges  0x00000ce8       0x40 Tasks/LineFollowerDirectTask.o
 .debug_ranges  0x00000d28       0x28 Tasks/LineFollowerSpeedTask.o
 .debug_ranges  0x00000d50       0x68 Tasks/MotionTask.o
 .debug_ranges  0x00000db8       0x30 Tasks/MotorPosTask.o
 .debug_ranges  0x00000de8       0x48 Tasks/MotorSpeedTask.o
 .debug_ranges  0x00000e30       0xa0 Tasks/OledMenuTask.o
 .debug_ranges  0x00000ed0       0x20 Tasks/RGBTask.o
 .debug_ranges  0x00000ef0       0x18 Tasks/StartupTask.o
 .debug_ranges  0x00000f08       0x48 Tasks/TerminalTask.o

.debug_macro
 *(.debug_macro)
OUTPUT(LinebotFinal.elf elf32-avr)
LOAD linker stubs