../Drivers/STM32L4xx_HAL_Driver/Src/stm32l4xx_hal_rcc_ex 3.c:194:19:HAL_RCCEx_PeriphCLKConfig	32	static
../Drivers/STM32L4xx_HAL_Driver/Src/stm32l4xx_hal_rcc_ex 3.c:824:6:HAL_RCCEx_GetPeriphCLKConfig	16	static
../Drivers/STM32L4xx_HAL_Driver/Src/stm32l4xx_hal_rcc_ex 3.c:1150:10:HAL_RCCEx_GetPeriphCLKFreq	40	static
../Drivers/STM32L4xx_HAL_Driver/Src/stm32l4xx_hal_rcc_ex 3.c:2299:6:HAL_RCCEx_WakeUpStopCLKConfig	16	static
../Drivers/STM32L4xx_HAL_Driver/Src/stm32l4xx_hal_rcc_ex 3.c:2317:6:HAL_RCCEx_StandbyMSIRangeConfig	16	static
../Drivers/STM32L4xx_HAL_Driver/Src/stm32l4xx_hal_rcc_ex 3.c:2331:6:HAL_RCCEx_EnableLSECSS	4	static
../Drivers/STM32L4xx_HAL_Driver/Src/stm32l4xx_hal_rcc_ex 3.c:2341:6:HAL_RCCEx_DisableLSECSS	4	static
../Drivers/STM32L4xx_HAL_Driver/Src/stm32l4xx_hal_rcc_ex 3.c:2354:6:HAL_RCCEx_EnableLSECSS_IT	4	static
../Drivers/STM32L4xx_HAL_Driver/Src/stm32l4xx_hal_rcc_ex 3.c:2371:6:HAL_RCCEx_LSECSS_IRQHandler	8	static
../Drivers/STM32L4xx_HAL_Driver/Src/stm32l4xx_hal_rcc_ex 3.c:2388:13:HAL_RCCEx_LSECSS_Callback	4	static
../Drivers/STM32L4xx_HAL_Driver/Src/stm32l4xx_hal_rcc_ex 3.c:2403:6:HAL_RCCEx_EnableLSCO	48	static
../Drivers/STM32L4xx_HAL_Driver/Src/stm32l4xx_hal_rcc_ex 3.c:2450:6:HAL_RCCEx_DisableLSCO	16	static
../Drivers/STM32L4xx_HAL_Driver/Src/stm32l4xx_hal_rcc_ex 3.c:2488:6:HAL_RCCEx_EnableMSIPLLMode	4	static
../Drivers/STM32L4xx_HAL_Driver/Src/stm32l4xx_hal_rcc_ex 3.c:2498:6:HAL_RCCEx_DisableMSIPLLMode	4	static
../Drivers/STM32L4xx_HAL_Driver/Src/stm32l4xx_hal_rcc_ex 3.c:2595:6:HAL_RCCEx_CRSConfig	24	static
../Drivers/STM32L4xx_HAL_Driver/Src/stm32l4xx_hal_rcc_ex 3.c:2638:6:HAL_RCCEx_CRSSoftwareSynchronizationGenerate	4	static
../Drivers/STM32L4xx_HAL_Driver/Src/stm32l4xx_hal_rcc_ex 3.c:2648:6:HAL_RCCEx_CRSGetSynchronizationInfo	16	static
../Drivers/STM32L4xx_HAL_Driver/Src/stm32l4xx_hal_rcc_ex 3.c:2681:10:HAL_RCCEx_CRSWaitSynchronization	24	static
../Drivers/STM32L4xx_HAL_Driver/Src/stm32l4xx_hal_rcc_ex 3.c:2764:6:HAL_RCCEx_CRS_IRQHandler	24	static
../Drivers/STM32L4xx_HAL_Driver/Src/stm32l4xx_hal_rcc_ex 3.c:2829:13:HAL_RCCEx_CRS_SyncOkCallback	4	static
../Drivers/STM32L4xx_HAL_Driver/Src/stm32l4xx_hal_rcc_ex 3.c:2840:13:HAL_RCCEx_CRS_SyncWarnCallback	4	static
../Drivers/STM32L4xx_HAL_Driver/Src/stm32l4xx_hal_rcc_ex 3.c:2851:13:HAL_RCCEx_CRS_ExpectedSyncCallback	4	static
../Drivers/STM32L4xx_HAL_Driver/Src/stm32l4xx_hal_rcc_ex 3.c:2867:13:HAL_RCCEx_CRS_ErrorCallback	16	static
